Archive member included to satisfy reference by file (symbol)

B:/AK_STM32/STM32CubeIDE_1.13.2/STM32CubeIDE/plugins/com.st.stm32cube.ide.mcu.externaltools.gnu-tools-for-stm32.11.3.rel1.win32_1.1.1.202309131626/tools/bin/../lib/gcc/arm-none-eabi/11.3.1/../../../../arm-none-eabi/lib/thumb/v7e-m+fp/hard\libstdc++_nano.a(del_ops.o)
                              ./Core/Src/main.o (operator delete(void*, unsigned int))
B:/AK_STM32/STM32CubeIDE_1.13.2/STM32CubeIDE/plugins/com.st.stm32cube.ide.mcu.externaltools.gnu-tools-for-stm32.11.3.rel1.win32_1.1.1.202309131626/tools/bin/../lib/gcc/arm-none-eabi/11.3.1/../../../../arm-none-eabi/lib/thumb/v7e-m+fp/hard\libstdc++_nano.a(new_op.o)
                              ./Core/Src/main.o (operator new(unsigned int))
B:/AK_STM32/STM32CubeIDE_1.13.2/STM32CubeIDE/plugins/com.st.stm32cube.ide.mcu.externaltools.gnu-tools-for-stm32.11.3.rel1.win32_1.1.1.202309131626/tools/bin/../lib/gcc/arm-none-eabi/11.3.1/../../../../arm-none-eabi/lib/thumb/v7e-m+fp/hard\libstdc++_nano.a(functexcept.o)
                              ./Core/Src/main.o (std::__throw_bad_alloc())
B:/AK_STM32/STM32CubeIDE_1.13.2/STM32CubeIDE/plugins/com.st.stm32cube.ide.mcu.externaltools.gnu-tools-for-stm32.11.3.rel1.win32_1.1.1.202309131626/tools/bin/../lib/gcc/arm-none-eabi/11.3.1/../../../../arm-none-eabi/lib/thumb/v7e-m+fp/hard\libstdc++_nano.a(snprintf_lite.o)
                              B:/AK_STM32/STM32CubeIDE_1.13.2/STM32CubeIDE/plugins/com.st.stm32cube.ide.mcu.externaltools.gnu-tools-for-stm32.11.3.rel1.win32_1.1.1.202309131626/tools/bin/../lib/gcc/arm-none-eabi/11.3.1/../../../../arm-none-eabi/lib/thumb/v7e-m+fp/hard\libstdc++_nano.a(functexcept.o) (__gnu_cxx::__snprintf_lite(char*, unsigned int, char const*, std::__va_list))
B:/AK_STM32/STM32CubeIDE_1.13.2/STM32CubeIDE/plugins/com.st.stm32cube.ide.mcu.externaltools.gnu-tools-for-stm32.11.3.rel1.win32_1.1.1.202309131626/tools/bin/../lib/gcc/arm-none-eabi/11.3.1/../../../../arm-none-eabi/lib/thumb/v7e-m+fp/hard\libstdc++_nano.a(del_op.o)
                              B:/AK_STM32/STM32CubeIDE_1.13.2/STM32CubeIDE/plugins/com.st.stm32cube.ide.mcu.externaltools.gnu-tools-for-stm32.11.3.rel1.win32_1.1.1.202309131626/tools/bin/../lib/gcc/arm-none-eabi/11.3.1/../../../../arm-none-eabi/lib/thumb/v7e-m+fp/hard\libstdc++_nano.a(del_ops.o) (operator delete(void*))
B:/AK_STM32/STM32CubeIDE_1.13.2/STM32CubeIDE/plugins/com.st.stm32cube.ide.mcu.externaltools.gnu-tools-for-stm32.11.3.rel1.win32_1.1.1.202309131626/tools/bin/../lib/gcc/arm-none-eabi/11.3.1/../../../../arm-none-eabi/lib/thumb/v7e-m+fp/hard\libstdc++_nano.a(new_handler.o)
                              B:/AK_STM32/STM32CubeIDE_1.13.2/STM32CubeIDE/plugins/com.st.stm32cube.ide.mcu.externaltools.gnu-tools-for-stm32.11.3.rel1.win32_1.1.1.202309131626/tools/bin/../lib/gcc/arm-none-eabi/11.3.1/../../../../arm-none-eabi/lib/thumb/v7e-m+fp/hard\libstdc++_nano.a(new_op.o) (std::get_new_handler())
B:/AK_STM32/STM32CubeIDE_1.13.2/STM32CubeIDE/plugins/com.st.stm32cube.ide.mcu.externaltools.gnu-tools-for-stm32.11.3.rel1.win32_1.1.1.202309131626/tools/bin/../lib/gcc/arm-none-eabi/11.3.1/../../../../arm-none-eabi/lib/thumb/v7e-m+fp/hard\libc_nano.a(libc_a-abort.o)
                              B:/AK_STM32/STM32CubeIDE_1.13.2/STM32CubeIDE/plugins/com.st.stm32cube.ide.mcu.externaltools.gnu-tools-for-stm32.11.3.rel1.win32_1.1.1.202309131626/tools/bin/../lib/gcc/arm-none-eabi/11.3.1/../../../../arm-none-eabi/lib/thumb/v7e-m+fp/hard\libstdc++_nano.a(new_op.o) (abort)
B:/AK_STM32/STM32CubeIDE_1.13.2/STM32CubeIDE/plugins/com.st.stm32cube.ide.mcu.externaltools.gnu-tools-for-stm32.11.3.rel1.win32_1.1.1.202309131626/tools/bin/../lib/gcc/arm-none-eabi/11.3.1/../../../../arm-none-eabi/lib/thumb/v7e-m+fp/hard\libc_nano.a(libc_a-exit.o)
                              B:/AK_STM32/STM32CubeIDE_1.13.2/STM32CubeIDE/plugins/com.st.stm32cube.ide.mcu.externaltools.gnu-tools-for-stm32.11.3.rel1.win32_1.1.1.202309131626/tools/bin/../lib/gcc/arm-none-eabi/11.3.1/../../../../arm-none-eabi/lib/thumb/v7e-m+fp/hard/crt0.o (exit)
B:/AK_STM32/STM32CubeIDE_1.13.2/STM32CubeIDE/plugins/com.st.stm32cube.ide.mcu.externaltools.gnu-tools-for-stm32.11.3.rel1.win32_1.1.1.202309131626/tools/bin/../lib/gcc/arm-none-eabi/11.3.1/../../../../arm-none-eabi/lib/thumb/v7e-m+fp/hard\libc_nano.a(libc_a-malloc.o)
                              B:/AK_STM32/STM32CubeIDE_1.13.2/STM32CubeIDE/plugins/com.st.stm32cube.ide.mcu.externaltools.gnu-tools-for-stm32.11.3.rel1.win32_1.1.1.202309131626/tools/bin/../lib/gcc/arm-none-eabi/11.3.1/../../../../arm-none-eabi/lib/thumb/v7e-m+fp/hard\libstdc++_nano.a(new_op.o) (malloc)
B:/AK_STM32/STM32CubeIDE_1.13.2/STM32CubeIDE/plugins/com.st.stm32cube.ide.mcu.externaltools.gnu-tools-for-stm32.11.3.rel1.win32_1.1.1.202309131626/tools/bin/../lib/gcc/arm-none-eabi/11.3.1/../../../../arm-none-eabi/lib/thumb/v7e-m+fp/hard\libc_nano.a(libc_a-mallocr.o)
[...]
Memory Configuration

Name             Origin             Length             Attributes
RAM              0x0000000020000000 0x0000000000018000 xrw
RAM2             0x0000000010000000 0x0000000000008000 xrw
FLASH            0x0000000008000000 0x0000000000100000 xr
*default*        0x0000000000000000 0xffffffffffffffff

Linker script and memory map

LOAD B:/AK_STM32/STM32CubeIDE_1.13.2/STM32CubeIDE/plugins/com.st.stm32cube.ide.mcu.externaltools.gnu-tools-for-stm32.11.3.rel1.win32_1.1.1.202309131626/tools/bin/../lib/gcc/arm-none-eabi/11.3.1/thumb/v7e-m+fp/hard/crti.o
LOAD B:/AK_STM32/STM32CubeIDE_1.13.2/STM32CubeIDE/plugins/com.st.stm32cube.ide.mcu.externaltools.gnu-tools-for-stm32.11.3.rel1.win32_1.1.1.202309131626/tools/bin/../lib/gcc/arm-none-eabi/11.3.1/thumb/v7e-m+fp/hard/crtbegin.o
LOAD B:/AK_STM32/STM32CubeIDE_1.13.2/STM32CubeIDE/plugins/com.st.stm32cube.ide.mcu.externaltools.gnu-tools-for-stm32.11.3.rel1.win32_1.1.1.202309131626/tools/bin/../lib/gcc/arm-none-eabi/11.3.1/../../../../arm-none-eabi/lib/thumb/v7e-m+fp/hard/crt0.o
LOAD ./Core/Src/Dino.o
LOAD ./Core/Src/Obstacle.o
LOAD ./Core/Src/Score.o
LOAD ./Core/Src/lcd.o
LOAD ./Core/Src/main.o
LOAD ./Core/Src/stm32l4xx_hal_msp.o
LOAD ./Core/Src/stm32l4xx_it.o
LOAD ./Core/Src/syscalls.o
LOAD ./Core/Src/sysmem.o
LOAD ./Core/Src/system_stm32l4xx.o
LOAD ./Core/Startup/startup_stm32l476rgtx.o
LOAD ./Drivers/STM32L4xx_HAL_Driver/Src/stm32l4xx_hal.o
LOAD ./Drivers/STM32L4xx_HAL_Driver/Src/stm32l4xx_hal_cortex.o
LOAD ./Drivers/STM32L4xx_HAL_Driver/Src/stm32l4xx_hal_dma.o
LOAD ./Drivers/STM32L4xx_HAL_Driver/Src/stm32l4xx_hal_dma_ex.o
LOAD ./Drivers/STM32L4xx_HAL_Driver/Src/stm32l4xx_hal_exti.o
LOAD ./Drivers/STM32L4xx_HAL_Driver/Src/stm32l4xx_hal_flash.o
LOAD ./Drivers/STM32L4xx_HAL_Driver/Src/stm32l4xx_hal_flash_ex.o
LOAD ./Drivers/STM32L4xx_HAL_Driver/Src/stm32l4xx_hal_flash_ramfunc.o
LOAD ./Drivers/STM32L4xx_HAL_Driver/Src/stm32l4xx_hal_gpio.o
LOAD ./Drivers/STM32L4xx_HAL_Driver/Src/stm32l4xx_hal_pwr.o
LOAD ./Drivers/STM32L4xx_HAL_Driver/Src/stm32l4xx_hal_pwr_ex.o
LOAD ./Drivers/STM32L4xx_HAL_Driver/Src/stm32l4xx_hal_rcc.o
LOAD ./Drivers/STM32L4xx_HAL_Driver/Src/stm32l4xx_hal_rcc_ex.o
LOAD ./Drivers/STM32L4xx_HAL_Driver/Src/stm32l4xx_hal_tim.o
LOAD ./Drivers/STM32L4xx_HAL_Driver/Src/stm32l4xx_hal_tim_ex.o
START GROUP
LOAD B:/AK_STM32/STM32CubeIDE_1.13.2/STM32CubeIDE/plugins/com.st.stm32cube.ide.mcu.externaltools.gnu-tools-for-stm32.11.3.rel1.win32_1.1.1.202309131626/tools/bin/../lib/gcc/arm-none-eabi/11.3.1/../../../../arm-none-eabi/lib/thumb/v7e-m+fp/hard\libstdc++_nano.a
LOAD B:/AK_STM32/STM32CubeIDE_1.13.2/STM32CubeIDE/plugins/com.st.stm32cube.ide.mcu.externaltools.gnu-tools-for-stm32.11.3.rel1.win32_1.1.1.202309131626/tools/bin/../lib/gcc/arm-none-eabi/11.3.1/../../../../arm-none-eabi/lib/thumb/v7e-m+fp/hard\libsupc++_nano.a
END GROUP
LOAD B:/AK_STM32/STM32CubeIDE_1.13.2/STM32CubeIDE/plugins/com.st.stm32cube.ide.mcu.externaltools.gnu-tools-for-stm32.11.3.rel1.win32_1.1.1.202309131626/tools/bin/../lib/gcc/arm-none-eabi/11.3.1/../../../../arm-none-eabi/lib/thumb/v7e-m+fp/hard\libstdc++_nano.a
LOAD B:/AK_STM32/STM32CubeIDE_1.13.2/STM32CubeIDE/plugins/com.st.stm32cube.ide.mcu.externaltools.gnu-tools-for-stm32.11.3.rel1.win32_1.1.1.202309131626/tools/bin/../lib/gcc/arm-none-eabi/11.3.1/../../../../arm-none-eabi/lib/thumb/v7e-m+fp/hard\libm.a
LOAD B:/AK_STM32/STM32CubeIDE_1.13.2/STM32CubeIDE/plugins/com.st.stm32cube.ide.mcu.externaltools.gnu-tools-for-stm32.11.3.rel1.win32_1.1.1.202309131626/tools/bin/../lib/gcc/arm-none-eabi/11.3.1/../../../../arm-none-eabi/lib/thumb/v7e-m+fp/hard\libc_nano.a
START GROUP
LOAD B:/AK_STM32/STM32CubeIDE_1.13.2/STM32CubeIDE/plugins/com.st.stm32cube.ide.mcu.externaltools.gnu-tools-for-stm32.11.3.rel1.win32_1.1.1.202309131626/tools/bin/../lib/gcc/arm-none-eabi/11.3.1/thumb/v7e-m+fp/hard\libgcc.a
LOAD B:/AK_STM32/STM32CubeIDE_1.13.2/STM32CubeIDE/plugins/com.st.stm32cube.ide.mcu.externaltools.gnu-tools-for-stm32.11.3.rel1.win32_1.1.1.202309131626/tools/bin/../lib/gcc/arm-none-eabi/11.3.1/../../../../arm-none-eabi/lib/thumb/v7e-m+fp/hard\libc_nano.a
END GROUP
START GROUP
LOAD B:/AK_STM32/STM32CubeIDE_1.13.2/STM32CubeIDE/plugins/com.st.stm32cube.ide.mcu.externaltools.gnu-tools-for-stm32.11.3.rel1.win32_1.1.1.202309131626/tools/bin/../lib/gcc/arm-none-eabi/11.3.1/thumb/v7e-m+fp/hard\libgcc.a
LOAD B:/AK_STM32/STM32CubeIDE_1.13.2/STM32CubeIDE/plugins/com.st.stm32cube.ide.mcu.externaltools.gnu-tools-for-stm32.11.3.rel1.win32_1.1.1.202309131626/tools/bin/../lib/gcc/arm-none-eabi/11.3.1/../../../../arm-none-eabi/lib/thumb/v7e-m+fp/hard\libc_nano.a
LOAD B:/AK_STM32/STM32CubeIDE_1.13.2/STM32CubeIDE/plugins/com.st.stm32cube.ide.mcu.externaltools.gnu-tools-for-stm32.11.3.rel1.win32_1.1.1.202309131626/tools/bin/../lib/gcc/arm-none-eabi/11.3.1/../../../../arm-none-eabi/lib/thumb/v7e-m+fp/hard\libnosys.a
END GROUP
START GROUP
LOAD B:/AK_STM32/STM32CubeIDE_1.13.2/STM32CubeIDE/plugins/com.st.stm32cube.ide.mcu.externaltools.gnu-tools-for-stm32.11.3.rel1.win32_1.1.1.202309131626/tools/bin/../lib/gcc/arm-none-eabi/11.3.1/thumb/v7e-m+fp/hard\libgcc.a
LOAD B:/AK_STM32/STM32CubeIDE_1.13.2/STM32CubeIDE/plugins/com.st.stm32cube.ide.mcu.externaltools.gnu-tools-for-stm32.11.3.rel1.win32_1.1.1.202309131626/tools/bin/../lib/gcc/arm-none-eabi/11.3.1/../../../../arm-none-eabi/lib/thumb/v7e-m+fp/hard\libc_nano.a
LOAD B:/AK_STM32/STM32CubeIDE_1.13.2/STM32CubeIDE/plugins/com.st.stm32cube.ide.mcu.externaltools.gnu-tools-for-stm32.11.3.rel1.win32_1.1.1.202309131626/tools/bin/../lib/gcc/arm-none-eabi/11.3.1/../../../../arm-none-eabi/lib/thumb/v7e-m+fp/hard\libnosys.a
END GROUP
LOAD B:/AK_STM32/STM32CubeIDE_1.13.2/STM32CubeIDE/plugins/com.st.stm32cube.ide.mcu.externaltools.gnu-tools-for-stm32.11.3.rel1.win32_1.1.1.202309131626/tools/bin/../lib/gcc/arm-none-eabi/11.3.1/thumb/v7e-m+fp/hard/crtend.o
LOAD B:/AK_STM32/STM32CubeIDE_1.13.2/STM32CubeIDE/plugins/com.st.stm32cube.ide.mcu.externaltools.gnu-tools-for-stm32.11.3.rel1.win32_1.1.1.202309131626/tools/bin/../lib/gcc/arm-none-eabi/11.3.1/thumb/v7e-m+fp/hard/crtn.o
                0x0000000020018000                _estack = (ORIGIN (RAM) + LENGTH (RAM))
                0x0000000000000200                _Min_Heap_Size = 0x200
                0x0000000000000400                _Min_Stack_Size = 0x400

.isr_vector     0x0000000008000000      0x188
                0x0000000008000000                . = ALIGN (0x4)
 *(.isr_vector)
 .isr_vector    0x0000000008000000      0x188 ./Core/Startup/startup_stm32l476rgtx.o
                0x0000000008000000                g_pfnVectors
                0x0000000008000188                . = ALIGN (0x4)

.text           0x0000000008000188     0x1da8
                0x0000000008000188                . = ALIGN (0x4)
 *(.text)
 .text          0x0000000008000188       0x40 B:/AK_STM32/STM32CubeIDE_1.13.2/STM32CubeIDE/plugins/com.st.stm32cube.ide.mcu.externaltools.gnu-tools-for-stm32.11.3.rel1.win32_1.1.1.202309131626/tools/bin/../lib/gcc/arm-none-eabi/11.3.1/thumb/v7e-m+fp/hard/crtbegin.o
 *(.text*)
 .text._Z5Delaym
                0x00000000080001c8       0x24 ./Core/Src/lcd.o
                0x00000000080001c8                Delay(unsigned long)
 .text._Z9lcd_delayv
                0x00000000080001ec        0xe ./Core/Src/lcd.o
                0x00000000080001ec                lcd_delay()
 *fill*         0x00000000080001fa        0x2 
 .text._Z7lcd_cmdc
                0x00000000080001fc      0x1b0 ./Core/Src/lcd.o
                0x00000000080001fc                lcd_cmd(char)
 .text._Z11lcd_char_cpc
                0x00000000080003ac      0x1b4 ./Core/Src/lcd.o
                0x00000000080003ac                lcd_char_cp(char)
 .text._Z10lcd_out_cpPc
                0x0000000008000560       0x2e ./Core/Src/lcd.o
                0x0000000008000560                lcd_out_cp(char*)
 .text._Z8lcd_initccc
                0x000000000800058e       0x7c ./Core/Src/lcd.o
                0x000000000800058e                lcd_init(char, char, char)
 .text._Z10lcd_gotoxyhh
                0x000000000800060a       0x44 ./Core/Src/lcd.o
                0x000000000800060a                lcd_gotoxy(unsigned char, unsigned char)
 .text._Z9lcd_printhhPc
                0x000000000800064e       0x30 ./Core/Src/lcd.o
                0x000000000800064e                lcd_print(unsigned char, unsigned char, char*)
 .text._Z9lcd_clearv
                0x000000000800067e       0x14 ./Core/Src/lcd.o
                0x000000000800067e                lcd_clear()
 *fill*         0x0000000008000692        0x2 
 .text._ZN10GameObjectC2EPchh
                0x0000000008000694       0x40 ./Core/Src/main.o
                0x0000000008000694                GameObject::GameObject(char*, unsigned char, unsigned char)
                0x0000000008000694                GameObject::GameObject(char*, unsigned char, unsigned char)
 .text._ZN10GameObject4drawEhh
                0x00000000080006d4       0x26 ./Core/Src/main.o
                0x00000000080006d4                GameObject::draw(unsigned char, unsigned char)
 *fill*         0x00000000080006fa        0x2 
 .text._ZN5ScoreC2Ehh
                0x00000000080006fc       0x40 ./Core/Src/main.o
                0x00000000080006fc                Score::Score(unsigned char, unsigned char)
                0x00000000080006fc                Score::Score(unsigned char, unsigned char)
 .text._Z14loadCustomCharhPKc
                0x000000000800073c       0x4a ./Core/Src/main.o
                0x000000000800073c                loadCustomChar(unsigned char, char const*)
 *fill*         0x0000000008000786        0x2 
 .text._Z17load_custom_charsv
                0x0000000008000788       0x50 ./Core/Src/main.o
                0x0000000008000788                load_custom_chars()
 .text._Z14lcd_transitionv
                0x00000000080007d8      0x108 ./Core/Src/main.o
                0x00000000080007d8                lcd_transition()
 .text.main     0x00000000080008e0       0x32 ./Core/Src/main.o
                0x00000000080008e0                main
 .text._Z18SystemClock_Configv
                0x0000000008000912       0xaa ./Core/Src/main.o
                0x0000000008000912                SystemClock_Config()
 .text._ZL12MX_GPIO_Initv
                0x00000000080009bc      0x10c ./Core/Src/main.o
 .text.Error_Handler
                0x0000000008000ac8        0xa ./Core/Src/main.o
                0x0000000008000ac8                Error_Handler
 *fill*         0x0000000008000ad2        0x2 
 .text.HAL_MspInit
                0x0000000008000ad4       0x48 ./Core/Src/stm32l4xx_hal_msp.o
                0x0000000008000ad4                HAL_MspInit
 .text.NMI_Handler
                0x0000000008000b1c        0x6 ./Core/Src/stm32l4xx_it.o
                0x0000000008000b1c                NMI_Handler
 .text.HardFault_Handler
                0x0000000008000b22        0x6 ./Core/Src/stm32l4xx_it.o
                0x0000000008000b22                HardFault_Handler
 .text.MemManage_Handler
                0x0000000008000b28        0x6 ./Core/Src/stm32l4xx_it.o
                0x0000000008000b28                MemManage_Handler
 .text.BusFault_Handler
                0x0000000008000b2e        0x6 ./Core/Src/stm32l4xx_it.o
                0x0000000008000b2e                BusFault_Handler
 .text.UsageFault_Handler
                0x0000000008000b34        0x6 ./Core/Src/stm32l4xx_it.o
                0x0000000008000b34                UsageFault_Handler
 .text.SVC_Handler
                0x0000000008000b3a        0xe ./Core/Src/stm32l4xx_it.o
                0x0000000008000b3a                SVC_Handler
 .text.DebugMon_Handler
                0x0000000008000b48        0xe ./Core/Src/stm32l4xx_it.o
                0x0000000008000b48                DebugMon_Handler
 .text.PendSV_Handler
                0x0000000008000b56        0xe ./Core/Src/stm32l4xx_it.o
                0x0000000008000b56                PendSV_Handler
 .text.SysTick_Handler
                0x0000000008000b64        0xc ./Core/Src/stm32l4xx_it.o
                0x0000000008000b64                SysTick_Handler
 .text.SystemInit
                0x0000000008000b70       0x24 ./Core/Src/system_stm32l4xx.o
                0x0000000008000b70                SystemInit
 .text.Reset_Handler
                0x0000000008000b94       0x50 ./Core/Startup/startup_stm32l476rgtx.o
                0x0000000008000b94                Reset_Handler
 .text.Default_Handler
                0x0000000008000be4        0x2 ./Core/Startup/startup_stm32l476rgtx.o
                0x0000000008000be4                RTC_Alarm_IRQHandler
                0x0000000008000be4                EXTI2_IRQHandler
                0x0000000008000be4                TIM8_TRG_COM_IRQHandler
                0x0000000008000be4                TIM8_CC_IRQHandler
                0x0000000008000be4                TIM1_CC_IRQHandler
                0x0000000008000be4                TSC_IRQHandler
                0x0000000008000be4                TAMP_STAMP_IRQHandler
                0x0000000008000be4                EXTI3_IRQHandler
                0x0000000008000be4                LPTIM2_IRQHandler
                0x0000000008000be4                DFSDM1_FLT1_IRQHandler
                0x0000000008000be4                I2C3_ER_IRQHandler
                0x0000000008000be4                DFSDM1_FLT2_IRQHandler
                0x0000000008000be4                EXTI0_IRQHandler
                0x0000000008000be4                I2C2_EV_IRQHandler
                0x0000000008000be4                CAN1_RX0_IRQHandler
                0x0000000008000be4                FPU_IRQHandler
                0x0000000008000be4                TIM1_UP_TIM16_IRQHandler
                0x0000000008000be4                ADC1_2_IRQHandler
                0x0000000008000be4                SPI1_IRQHandler
                0x0000000008000be4                TIM6_DAC_IRQHandler
                0x0000000008000be4                TIM8_UP_IRQHandler
                0x0000000008000be4                DMA2_Channel2_IRQHandler
                0x0000000008000be4                DMA1_Channel4_IRQHandler
                0x0000000008000be4                SAI2_IRQHandler
                0x0000000008000be4                DFSDM1_FLT3_IRQHandler
                0x0000000008000be4                USART3_IRQHandler
                0x0000000008000be4                DMA1_Channel7_IRQHandler
                0x0000000008000be4                CAN1_RX1_IRQHandler
                0x0000000008000be4                LCD_IRQHandler
                0x0000000008000be4                UART5_IRQHandler
                0x0000000008000be4                ADC3_IRQHandler
                0x0000000008000be4                TIM4_IRQHandler
                0x0000000008000be4                DMA2_Channel1_IRQHandler
                0x0000000008000be4                QUADSPI_IRQHandler
                0x0000000008000be4                I2C1_EV_IRQHandler
                0x0000000008000be4                DMA1_Channel6_IRQHandler
                0x0000000008000be4                UART4_IRQHandler
                0x0000000008000be4                DMA2_Channel4_IRQHandler
                0x0000000008000be4                TIM3_IRQHandler
                0x0000000008000be4                RCC_IRQHandler
                0x0000000008000be4                DMA1_Channel1_IRQHandler
                0x0000000008000be4                Default_Handler
                0x0000000008000be4                DMA2_Channel7_IRQHandler
                0x0000000008000be4                EXTI15_10_IRQHandler
                0x0000000008000be4                TIM7_IRQHandler
                0x0000000008000be4                SDMMC1_IRQHandler
                0x0000000008000be4                TIM5_IRQHandler
                0x0000000008000be4                I2C3_EV_IRQHandler
                0x0000000008000be4                EXTI9_5_IRQHandler
                0x0000000008000be4                RTC_WKUP_IRQHandler
                0x0000000008000be4                PVD_PVM_IRQHandler
                0x0000000008000be4                SPI2_IRQHandler
                0x0000000008000be4                CAN1_TX_IRQHandler
                0x0000000008000be4                DMA2_Channel5_IRQHandler
                0x0000000008000be4                DMA1_Channel5_IRQHandler
                0x0000000008000be4                EXTI4_IRQHandler
                0x0000000008000be4                RNG_IRQHandler
                0x0000000008000be4                TIM1_TRG_COM_TIM17_IRQHandler
                0x0000000008000be4                DMA1_Channel3_IRQHandler
                0x0000000008000be4                COMP_IRQHandler
                0x0000000008000be4                WWDG_IRQHandler
                0x0000000008000be4                LPUART1_IRQHandler
                0x0000000008000be4                DMA2_Channel6_IRQHandler
                0x0000000008000be4                TIM2_IRQHandler
                0x0000000008000be4                EXTI1_IRQHandler
                0x0000000008000be4                USART2_IRQHandler
                0x0000000008000be4                DFSDM1_FLT0_IRQHandler
                0x0000000008000be4                I2C2_ER_IRQHandler
                0x0000000008000be4                DMA1_Channel2_IRQHandler
                0x0000000008000be4                TIM8_BRK_IRQHandler
                0x0000000008000be4                CAN1_SCE_IRQHandler
                0x0000000008000be4                FLASH_IRQHandler
                0x0000000008000be4                USART1_IRQHandler
                0x0000000008000be4                OTG_FS_IRQHandler
                0x0000000008000be4                SPI3_IRQHandler
                0x0000000008000be4                I2C1_ER_IRQHandler
                0x0000000008000be4                FMC_IRQHandler
                0x0000000008000be4                SWPMI1_IRQHandler
                0x0000000008000be4                LPTIM1_IRQHandler
                0x0000000008000be4                SAI1_IRQHandler
                0x0000000008000be4                DMA2_Channel3_IRQHandler
                0x0000000008000be4                TIM1_BRK_TIM15_IRQHandler
 .text.HAL_Init
                0x0000000008000be6       0x30 ./Drivers/STM32L4xx_HAL_Driver/Src/stm32l4xx_hal.o
                0x0000000008000be6                HAL_Init
 *fill*         0x0000000008000c16        0x2 
 .text.HAL_InitTick
                0x0000000008000c18       0x78 ./Drivers/STM32L4xx_HAL_Driver/Src/stm32l4xx_hal.o
                0x0000000008000c18                HAL_InitTick
 .text.HAL_IncTick
                0x0000000008000c90       0x28 ./Drivers/STM32L4xx_HAL_Driver/Src/stm32l4xx_hal.o
                0x0000000008000c90                HAL_IncTick
 .text.HAL_GetTick
                0x0000000008000cb8       0x18 ./Drivers/STM32L4xx_HAL_Driver/Src/stm32l4xx_hal.o
                0x0000000008000cb8                HAL_GetTick
 .text.HAL_Delay
                0x0000000008000cd0       0x48 ./Drivers/STM32L4xx_HAL_Driver/Src/stm32l4xx_hal.o
                0x0000000008000cd0                HAL_Delay
 .text.__NVIC_SetPriorityGrouping
                0x0000000008000d18       0x48 ./Drivers/STM32L4xx_HAL_Driver/Src/stm32l4xx_hal_cortex.o
 .text.__NVIC_GetPriorityGrouping
                0x0000000008000d60       0x1c ./Drivers/STM32L4xx_HAL_Driver/Src/stm32l4xx_hal_cortex.o
 .text.__NVIC_SetPriority
                0x0000000008000d7c       0x54 ./Drivers/STM32L4xx_HAL_Driver/Src/stm32l4xx_hal_cortex.o
 .text.NVIC_EncodePriority
                0x0000000008000dd0       0x66 ./Drivers/STM32L4xx_HAL_Driver/Src/stm32l4xx_hal_cortex.o
 *fill*         0x0000000008000e36        0x2 
 .text.SysTick_Config
                0x0000000008000e38       0x44 ./Drivers/STM32L4xx_HAL_Driver/Src/stm32l4xx_hal_cortex.o
 .text.HAL_NVIC_SetPriorityGrouping
                0x0000000008000e7c       0x16 ./Drivers/STM32L4xx_HAL_Driver/Src/stm32l4xx_hal_cortex.o
                0x0000000008000e7c                HAL_NVIC_SetPriorityGrouping
 .text.HAL_NVIC_SetPriority
                0x0000000008000e92       0x38 ./Drivers/STM32L4xx_HAL_Driver/Src/stm32l4xx_hal_cortex.o
                0x0000000008000e92                HAL_NVIC_SetPriority
 .text.HAL_SYSTICK_Config
                0x0000000008000eca       0x18 ./Drivers/STM32L4xx_HAL_Driver/Src/stm32l4xx_hal_cortex.o
                0x0000000008000eca                HAL_SYSTICK_Config
 *fill*         0x0000000008000ee2        0x2 
 .text.HAL_GPIO_Init
                0x0000000008000ee4      0x354 ./Drivers/STM32L4xx_HAL_Driver/Src/stm32l4xx_hal_gpio.o
                0x0000000008000ee4                HAL_GPIO_Init
 .text.HAL_GPIO_WritePin
                0x0000000008001238       0x30 ./Drivers/STM32L4xx_HAL_Driver/Src/stm32l4xx_hal_gpio.o
                0x0000000008001238                HAL_GPIO_WritePin
 .text.HAL_PWREx_GetVoltageRange
                0x0000000008001268       0x1c ./Drivers/STM32L4xx_HAL_Driver/Src/stm32l4xx_hal_pwr_ex.o
                0x0000000008001268                HAL_PWREx_GetVoltageRange
 .text.HAL_PWREx_ControlVoltageScaling
                0x0000000008001284       0xac ./Drivers/STM32L4xx_HAL_Driver/Src/stm32l4xx_hal_pwr_ex.o
                0x0000000008001284                HAL_PWREx_ControlVoltageScaling
 .text.HAL_RCC_OscConfig
                0x0000000008001330      0x7b8 ./Drivers/STM32L4xx_HAL_Driver/Src/stm32l4xx_hal_rcc.o
                0x0000000008001330                HAL_RCC_OscConfig
 .text.HAL_RCC_ClockConfig
                0x0000000008001ae8      0x200 ./Drivers/STM32L4xx_HAL_Driver/Src/stm32l4xx_hal_rcc.o
                0x0000000008001ae8                HAL_RCC_ClockConfig
 .text.HAL_RCC_GetSysClockFreq
                0x0000000008001ce8      0x118 ./Drivers/STM32L4xx_HAL_Driver/Src/stm32l4xx_hal_rcc.o
                0x0000000008001ce8                HAL_RCC_GetSysClockFreq
 .text.RCC_SetFlashLatencyFromMSIRange
                0x0000000008001e00       0xc0 ./Drivers/STM32L4xx_HAL_Driver/Src/stm32l4xx_hal_rcc.o
 .text.memset   0x0000000008001ec0       0x10 B:/AK_STM32/STM32CubeIDE_1.13.2/STM32CubeIDE/plugins/com.st.stm32cube.ide.mcu.externaltools.gnu-tools-for-stm32.11.3.rel1.win32_1.1.1.202309131626/tools/bin/../lib/gcc/arm-none-eabi/11.3.1/../../../../arm-none-eabi/lib/thumb/v7e-m+fp/hard\libc_nano.a(libc_a-memset.o)
                0x0000000008001ec0                memset
 .text.__libc_init_array
                0x0000000008001ed0       0x48 B:/AK_STM32/STM32CubeIDE_1.13.2/STM32CubeIDE/plugins/com.st.stm32cube.ide.mcu.externaltools.gnu-tools-for-stm32.11.3.rel1.win32_1.1.1.202309131626/tools/bin/../lib/gcc/arm-none-eabi/11.3.1/../../../../arm-none-eabi/lib/thumb/v7e-m+fp/hard\libc_nano.a(libc_a-init.o)
                0x0000000008001ed0                __libc_init_array
 *(.glue_7)
 .glue_7        0x0000000008001f18        0x0 linker stubs
 *(.glue_7t)
 .glue_7t       0x0000000008001f18        0x0 linker stubs
 *(.eh_frame)
 .eh_frame      0x0000000008001f18        0x0 B:/AK_STM32/STM32CubeIDE_1.13.2/STM32CubeIDE/plugins/com.st.stm32cube.ide.mcu.externaltools.gnu-tools-for-stm32.11.3.rel1.win32_1.1.1.202309131626/tools/bin/../lib/gcc/arm-none-eabi/11.3.1/thumb/v7e-m+fp/hard/crtbegin.o
 *(.init)
 .init          0x0000000008001f18        0x4 B:/AK_STM32/STM32CubeIDE_1.13.2/STM32CubeIDE/plugins/com.st.stm32cube.ide.mcu.externaltools.gnu-tools-for-stm32.11.3.rel1.win32_1.1.1.202309131626/tools/bin/../lib/gcc/arm-none-eabi/11.3.1/thumb/v7e-m+fp/hard/crti.o
                0x0000000008001f18                _init
 .init          0x0000000008001f1c        0x8 B:/AK_STM32/STM32CubeIDE_1.13.2/STM32CubeIDE/plugins/com.st.stm32cube.ide.mcu.externaltools.gnu-tools-for-stm32.11.3.rel1.win32_1.1.1.202309131626/tools/bin/../lib/gcc/arm-none-eabi/11.3.1/thumb/v7e-m+fp/hard/crtn.o
 *(.fini)
 .fini          0x0000000008001f24        0x4 B:/AK_STM32/STM32CubeIDE_1.13.2/STM32CubeIDE/plugins/com.st.stm32cube.ide.mcu.externaltools.gnu-tools-for-stm32.11.3.rel1.win32_1.1.1.202309131626/tools/bin/../lib/gcc/arm-none-eabi/11.3.1/thumb/v7e-m+fp/hard/crti.o
                0x0000000008001f24                _fini
 .fini          0x0000000008001f28        0x8 B:/AK_STM32/STM32CubeIDE_1.13.2/STM32CubeIDE/plugins/com.st.stm32cube.ide.mcu.externaltools.gnu-tools-for-stm32.11.3.rel1.win32_1.1.1.202309131626/tools/bin/../lib/gcc/arm-none-eabi/11.3.1/thumb/v7e-m+fp/hard/crtn.o
                0x0000000008001f30                . = ALIGN (0x4)
                0x0000000008001f30                _etext = .

.vfp11_veneer   0x0000000008001f30        0x0
 .vfp11_veneer  0x0000000008001f30        0x0 linker stubs

.v4_bx          0x0000000008001f30        0x0
 .v4_bx         0x0000000008001f30        0x0 linker stubs

.iplt           0x0000000008001f30        0x0
 .iplt          0x0000000008001f30        0x0 B:/AK_STM32/STM32CubeIDE_1.13.2/STM32CubeIDE/plugins/com.st.stm32cube.ide.mcu.externaltools.gnu-tools-for-stm32.11.3.rel1.win32_1.1.1.202309131626/tools/bin/../lib/gcc/arm-none-eabi/11.3.1/thumb/v7e-m+fp/hard/crtbegin.o

.rodata         0x0000000008001f30       0x78
                0x0000000008001f30                . = ALIGN (0x4)
 *(.rodata)
 .rodata        0x0000000008001f30       0x1e ./Core/Src/main.o
 *(.rodata*)
 *fill*         0x0000000008001f4e        0x2 
 .rodata._ZTV5Score
                0x0000000008001f50        0xc ./Core/Src/main.o
                0x0000000008001f50                vtable for Score
 .rodata._ZTV10GameObject
                0x0000000008001f5c        0xc ./Core/Src/main.o
                0x0000000008001f5c                vtable for GameObject
 .rodata.AHBPrescTable
                0x0000000008001f68       0x10 ./Core/Src/system_stm32l4xx.o
                0x0000000008001f68                AHBPrescTable
 .rodata.MSIRangeTable
                0x0000000008001f78       0x30 ./Core/Src/system_stm32l4xx.o
                0x0000000008001f78                MSIRangeTable
                0x0000000008001fa8                . = ALIGN (0x4)

.rel.dyn        0x0000000008001fa8        0x0
 .rel.iplt      0x0000000008001fa8        0x0 B:/AK_STM32/STM32CubeIDE_1.13.2/STM32CubeIDE/plugins/com.st.stm32cube.ide.mcu.externaltools.gnu-tools-for-stm32.11.3.rel1.win32_1.1.1.202309131626/tools/bin/../lib/gcc/arm-none-eabi/11.3.1/thumb/v7e-m+fp/hard/crtbegin.o

.ARM.extab      0x0000000008001fa8        0x0
                0x0000000008001fa8                . = ALIGN (0x4)
 *(.ARM.extab* .gnu.linkonce.armextab.*)
                0x0000000008001fa8                . = ALIGN (0x4)

.ARM            0x0000000008001fa8        0x0
                0x0000000008001fa8                . = ALIGN (0x4)
                0x0000000008001fa8                __exidx_start = .
 *(.ARM.exidx*)
                0x0000000008001fa8                __exidx_end = .
                0x0000000008001fa8                . = ALIGN (0x4)

.preinit_array  0x0000000008001fa8        0x0
                0x0000000008001fa8                . = ALIGN (0x4)
                0x0000000008001fa8                PROVIDE (__preinit_array_start = .)
 *(.preinit_array*)
                0x0000000008001fa8                PROVIDE (__preinit_array_end = .)
                0x0000000008001fa8                . = ALIGN (0x4)

.init_array     0x0000000008001fa8        0x4
                0x0000000008001fa8                . = ALIGN (0x4)
                0x0000000008001fa8                PROVIDE (__init_array_start = .)
 *(SORT_BY_NAME(.init_array.*))
 *(.init_array*)
 .init_array    0x0000000008001fa8        0x4 B:/AK_STM32/STM32CubeIDE_1.13.2/STM32CubeIDE/plugins/com.st.stm32cube.ide.mcu.externaltools.gnu-tools-for-stm32.11.3.rel1.win32_1.1.1.202309131626/tools/bin/../lib/gcc/arm-none-eabi/11.3.1/thumb/v7e-m+fp/hard/crtbegin.o
                0x0000000008001fac                PROVIDE (__init_array_end = .)
                0x0000000008001fac                . = ALIGN (0x4)

.fini_array     0x0000000008001fac        0x4
                0x0000000008001fac                . = ALIGN (0x4)
                [!provide]                        PROVIDE (__fini_array_start = .)
 *(SORT_BY_NAME(.fini_array.*))
 *(.fini_array*)
 .fini_array    0x0000000008001fac        0x4 B:/AK_STM32/STM32CubeIDE_1.13.2/STM32CubeIDE/plugins/com.st.stm32cube.ide.mcu.externaltools.gnu-tools-for-stm32.11.3.rel1.win32_1.1.1.202309131626/tools/bin/../lib/gcc/arm-none-eabi/11.3.1/thumb/v7e-m+fp/hard/crtbegin.o
                [!provide]                        PROVIDE (__fini_array_end = .)
                0x0000000008001fb0                . = ALIGN (0x4)
                0x0000000008001fb0                _sidata = LOADADDR (.data)

.data           0x0000000020000000       0x34 load address 0x0000000008001fb0
                0x0000000020000000                . = ALIGN (0x4)
                0x0000000020000000                _sdata = .
 *(.data)
 *(.data*)
 .data.dinosaur_1
                0x0000000020000000        0x8 ./Core/Src/main.o
                0x0000000020000000                dinosaur_1
 .data.dinosaur_2
                0x0000000020000008        0x8 ./Core/Src/main.o
                0x0000000020000008                dinosaur_2
 .data.cactus_1
                0x0000000020000010        0x8 ./Core/Src/main.o
                0x0000000020000010                cactus_1
 .data.cactus_2
                0x0000000020000018        0x8 ./Core/Src/main.o
                0x0000000020000018                cactus_2
 .data.filledSquare
                0x0000000020000020        0x8 ./Core/Src/main.o
                0x0000000020000020                filledSquare
 .data.SystemCoreClock
                0x0000000020000028        0x4 ./Core/Src/system_stm32l4xx.o
                0x0000000020000028                SystemCoreClock
 .data.uwTickPrio
                0x000000002000002c        0x4 ./Drivers/STM32L4xx_HAL_Driver/Src/stm32l4xx_hal.o
                0x000000002000002c                uwTickPrio
 .data.uwTickFreq
                0x0000000020000030        0x1 ./Drivers/STM32L4xx_HAL_Driver/Src/stm32l4xx_hal.o
                0x0000000020000030                uwTickFreq
 *(.RamFunc)
 *(.RamFunc*)
                0x0000000020000034                . = ALIGN (0x4)
 *fill*         0x0000000020000031        0x3 
                0x0000000020000034                _edata = .

.igot.plt       0x0000000020000034        0x0 load address 0x0000000008001fe4
 .igot.plt      0x0000000020000034        0x0 B:/AK_STM32/STM32CubeIDE_1.13.2/STM32CubeIDE/plugins/com.st.stm32cube.ide.mcu.externaltools.gnu-tools-for-stm32.11.3.rel1.win32_1.1.1.202309131626/tools/bin/../lib/gcc/arm-none-eabi/11.3.1/thumb/v7e-m+fp/hard/crtbegin.o
                0x0000000020000034                . = ALIGN (0x4)

.bss            0x0000000020000034       0x28 load address 0x0000000008001fe4
                0x0000000020000034                _sbss = .
                0x0000000020000034                __bss_start__ = _sbss
 *(.bss)
 .bss           0x0000000020000034       0x1c B:/AK_STM32/STM32CubeIDE_1.13.2/STM32CubeIDE/plugins/com.st.stm32cube.ide.mcu.externaltools.gnu-tools-for-stm32.11.3.rel1.win32_1.1.1.202309131626/tools/bin/../lib/gcc/arm-none-eabi/11.3.1/thumb/v7e-m+fp/hard/crtbegin.o
 *(.bss*)
 .bss.notFilledSquare
                0x0000000020000050        0x8 ./Core/Src/main.o
                0x0000000020000050                notFilledSquare
 .bss.uwTick    0x0000000020000058        0x4 ./Drivers/STM32L4xx_HAL_Driver/Src/stm32l4xx_hal.o
                0x0000000020000058                uwTick
 *(COMMON)
                0x000000002000005c                . = ALIGN (0x4)
                0x000000002000005c                _ebss = .
                0x000000002000005c                __bss_end__ = _ebss

._user_heap_stack
                0x000000002000005c      0x604 load address 0x0000000008001fe4
                0x0000000020000060                . = ALIGN (0x8)
 *fill*         0x000000002000005c        0x4 
                [!provide]                        PROVIDE (end = .)
                0x0000000020000060                PROVIDE (_end = .)
                0x0000000020000260                . = (. + _Min_Heap_Size)
 *fill*         0x0000000020000060      0x200 
                0x0000000020000660                . = (. + _Min_Stack_Size)
 *fill*         0x0000000020000260      0x400 
                0x0000000020000660                . = ALIGN (0x8)

/DISCARD/
 libc.a(*)
 libm.a(*)
 libgcc.a(*)

.ARM.attributes
                0x0000000000000000       0x30
 *(.ARM.attributes)
 .ARM.attributes
                0x0000000000000000       0x1e B:/AK_STM32/STM32CubeIDE_1.13.2/STM32CubeIDE/plugins/com.st.stm32cube.ide.mcu.externaltools.gnu-tools-for-stm32.11.3.rel1.win32_1.1.1.202309131626/tools/bin/../lib/gcc/arm-none-eabi/11.3.1/thumb/v7e-m+fp/hard/crti.o
 .ARM.attributes
                0x000000000000001e       0x34 B:/AK_STM32/STM32CubeIDE_1.13.2/STM32CubeIDE/plugins/com.st.stm32cube.ide.mcu.externaltools.gnu-tools-for-stm32.11.3.rel1.win32_1.1.1.202309131626/tools/bin/../lib/gcc/arm-none-eabi/11.3.1/thumb/v7e-m+fp/hard/crtbegin.o
 .ARM.attributes
                0x0000000000000052       0x34 ./Core/Src/lcd.o
 .ARM.attributes
                0x0000000000000086       0x34 ./Core/Src/main.o
 .ARM.attributes
                0x00000000000000ba       0x34 ./Core/Src/stm32l4xx_hal_msp.o
 .ARM.attributes
                0x00000000000000ee       0x34 ./Core/Src/stm32l4xx_it.o
 .ARM.attributes
                0x0000000000000122       0x34 ./Core/Src/system_stm32l4xx.o
 .ARM.attributes
                0x0000000000000156       0x21 ./Core/Startup/startup_stm32l476rgtx.o
 .ARM.attributes
                0x0000000000000177       0x34 ./Drivers/STM32L4xx_HAL_Driver/Src/stm32l4xx_hal.o
 .ARM.attributes
                0x00000000000001ab       0x34 ./Drivers/STM32L4xx_HAL_Driver/Src/stm32l4xx_hal_cortex.o
 .ARM.attributes
                0x00000000000001df       0x34 ./Drivers/STM32L4xx_HAL_Driver/Src/stm32l4xx_hal_gpio.o
 .ARM.attributes
                0x0000000000000213       0x34 ./Drivers/STM32L4xx_HAL_Driver/Src/stm32l4xx_hal_pwr_ex.o
 .ARM.attributes
                0x0000000000000247       0x34 ./Drivers/STM32L4xx_HAL_Driver/Src/stm32l4xx_hal_rcc.o
 .ARM.attributes
                0x000000000000027b       0x34 B:/AK_STM32/STM32CubeIDE_1.13.2/STM32CubeIDE/plugins/com.st.stm32cube.ide.mcu.externaltools.gnu-tools-for-stm32.11.3.rel1.win32_1.1.1.202309131626/tools/bin/../lib/gcc/arm-none-eabi/11.3.1/../../../../arm-none-eabi/lib/thumb/v7e-m+fp/hard\libc_nano.a(libc_a-memset.o)
 .ARM.attributes
                0x00000000000002af       0x34 B:/AK_STM32/STM32CubeIDE_1.13.2/STM32CubeIDE/plugins/com.st.stm32cube.ide.mcu.externaltools.gnu-tools-for-stm32.11.3.rel1.win32_1.1.1.202309131626/tools/bin/../lib/gcc/arm-none-eabi/11.3.1/../../../../arm-none-eabi/lib/thumb/v7e-m+fp/hard\libc_nano.a(libc_a-init.o)
 .ARM.attributes
                0x00000000000002e3       0x1e B:/AK_STM32/STM32CubeIDE_1.13.2/STM32CubeIDE/plugins/com.st.stm32cube.ide.mcu.externaltools.gnu-tools-for-stm32.11.3.rel1.win32_1.1.1.202309131626/tools/bin/../lib/gcc/arm-none-eabi/11.3.1/thumb/v7e-m+fp/hard/crtn.o
OUTPUT(dino.elf elf32-littlearm)
LOAD linker stubs
LOAD B:/AK_STM32/STM32CubeIDE_1.13.2/STM32CubeIDE/plugins/com.st.stm32cube.ide.mcu.externaltools.gnu-tools-for-stm32.11.3.rel1.win32_1.1.1.202309131626/tools/bin/../lib/gcc/arm-none-eabi/11.3.1/../../../../arm-none-eabi/lib/thumb/v7e-m+fp/hard\libc.a
LOAD B:/AK_STM32/STM32CubeIDE_1.13.2/STM32CubeIDE/plugins/com.st.stm32cube.ide.mcu.externaltools.gnu-tools-for-stm32.11.3.rel1.win32_1.1.1.202309131626/tools/bin/../lib/gcc/arm-none-eabi/11.3.1/../../../../arm-none-eabi/lib/thumb/v7e-m+fp/hard\libm.a
LOAD B:/AK_STM32/STM32CubeIDE_1.13.2/STM32CubeIDE/plugins/com.st.stm32cube.ide.mcu.externaltools.gnu-tools-for-stm32.11.3.rel1.win32_1.1.1.202309131626/tools/bin/../lib/gcc/arm-none-eabi/11.3.1/thumb/v7e-m+fp/hard\libgcc.a

.comment        0x0000000000000000       0x43
 .comment       0x0000000000000000       0x43 B:/AK_STM32/STM32CubeIDE_1.13.2/STM32CubeIDE/plugins/com.st.stm32cube.ide.mcu.externaltools.gnu-tools-for-stm32.11.3.rel1.win32_1.1.1.202309131626/tools/bin/../lib/gcc/arm-none-eabi/11.3.1/thumb/v7e-m+fp/hard/crtbegin.o
                                         0x44 (size before relaxing)
 .comment       0x0000000000000043       0x44 ./Core/Src/lcd.o
 .comment       0x0000000000000043       0x44 ./Core/Src/main.o
 .comment       0x0000000000000043       0x44 ./Core/Src/stm32l4xx_hal_msp.o
 .comment       0x0000000000000043       0x44 ./Core/Src/stm32l4xx_it.o
 .comment       0x0000000000000043       0x44 ./Core/Src/system_stm32l4xx.o
 .comment       0x0000000000000043       0x44 ./Drivers/STM32L4xx_HAL_Driver/Src/stm32l4xx_hal.o
 .comment       0x0000000000000043       0x44 ./Drivers/STM32L4xx_HAL_Driver/Src/stm32l4xx_hal_cortex.o
 .comment       0x0000000000000043       0x44 ./Drivers/STM32L4xx_HAL_Driver/Src/stm32l4xx_hal_gpio.o
 .comment       0x0000000000000043       0x44 ./Drivers/STM32L4xx_HAL_Driver/Src/stm32l4xx_hal_pwr_ex.o
 .comment       0x0000000000000043       0x44 ./Drivers/STM32L4xx_HAL_Driver/Src/stm32l4xx_hal_rcc.o

.debug_info     0x0000000000000000     0xa367
 .debug_info    0x0000000000000000      0x397 ./Core/Src/lcd.o
 .debug_info    0x0000000000000397     0x60f0 ./Core/Src/main.o
 .debug_info    0x0000000000006487      0x2b9 ./Core/Src/stm32l4xx_hal_msp.o
 .debug_info    0x0000000000006740      0x113 ./Core/Src/stm32l4xx_it.o
 .debug_info    0x0000000000006853      0x5b1 ./Core/Src/system_stm32l4xx.o
 .debug_info    0x0000000000006e04       0x23 ./Core/Startup/startup_stm32l476rgtx.o
 .debug_info    0x0000000000006e27      0xaeb ./Drivers/STM32L4xx_HAL_Driver/Src/stm32l4xx_hal.o
 .debug_info    0x0000000000007912      0xd4c ./Drivers/STM32L4xx_HAL_Driver/Src/stm32l4xx_hal_cortex.o
 .debug_info    0x000000000000865e      0x757 ./Drivers/STM32L4xx_HAL_Driver/Src/stm32l4xx_hal_gpio.o
 .debug_info    0x0000000000008db5      0x99e ./Drivers/STM32L4xx_HAL_Driver/Src/stm32l4xx_hal_pwr_ex.o
 .debug_info    0x0000000000009753      0xc14 ./Drivers/STM32L4xx_HAL_Driver/Src/stm32l4xx_hal_rcc.o

.debug_abbrev   0x0000000000000000     0x1a26
 .debug_abbrev  0x0000000000000000      0x139 ./Core/Src/lcd.o
 .debug_abbrev  0x0000000000000139      0xa90 ./Core/Src/main.o
 .debug_abbrev  0x0000000000000bc9       0xc6 ./Core/Src/stm32l4xx_hal_msp.o
 .debug_abbrev  0x0000000000000c8f       0x73 ./Core/Src/stm32l4xx_it.o
 .debug_abbrev  0x0000000000000d02      0x11a ./Core/Src/system_stm32l4xx.o
 .debug_abbrev  0x0000000000000e1c       0x12 ./Core/Startup/startup_stm32l476rgtx.o
 .debug_abbrev  0x0000000000000e2e      0x242 ./Drivers/STM32L4xx_HAL_Driver/Src/stm32l4xx_hal.o
 .debug_abbrev  0x0000000000001070      0x327 ./Drivers/STM32L4xx_HAL_Driver/Src/stm32l4xx_hal_cortex.o
 .debug_abbrev  0x0000000000001397      0x1cb ./Drivers/STM32L4xx_HAL_Driver/Src/stm32l4xx_hal_gpio.o
 .debug_abbrev  0x0000000000001562      0x1f9 ./Drivers/STM32L4xx_HAL_Driver/Src/stm32l4xx_hal_pwr_ex.o
 .debug_abbrev  0x000000000000175b      0x2cb ./Drivers/STM32L4xx_HAL_Driver/Src/stm32l4xx_hal_rcc.o

.debug_aranges  0x0000000000000000      0x908
 .debug_aranges
                0x0000000000000000       0x88 ./Core/Src/lcd.o
 .debug_aranges
                0x0000000000000088      0x320 ./Core/Src/main.o
 .debug_aranges
                0x00000000000003a8       0x20 ./Core/Src/stm32l4xx_hal_msp.o
 .debug_aranges
                0x00000000000003c8       0x60 ./Core/Src/stm32l4xx_it.o
 .debug_aranges
                0x0000000000000428       0x28 ./Core/Src/system_stm32l4xx.o
 .debug_aranges
                0x0000000000000450       0x28 ./Core/Startup/startup_stm32l476rgtx.o
 .debug_aranges
                0x0000000000000478      0x130 ./Drivers/STM32L4xx_HAL_Driver/Src/stm32l4xx_hal.o
 .debug_aranges
                0x00000000000005a8      0x118 ./Drivers/STM32L4xx_HAL_Driver/Src/stm32l4xx_hal_cortex.o
 .debug_aranges
                0x00000000000006c0       0x58 ./Drivers/STM32L4xx_HAL_Driver/Src/stm32l4xx_hal_gpio.o
 .debug_aranges
                0x0000000000000718      0x160 ./Drivers/STM32L4xx_HAL_Driver/Src/stm32l4xx_hal_pwr_ex.o
 .debug_aranges
                0x0000000000000878       0x90 ./Drivers/STM32L4xx_HAL_Driver/Src/stm32l4xx_hal_rcc.o

.debug_rnglists
                0x0000000000000000      0x6a7
 .debug_rnglists
                0x0000000000000000       0x63 ./Core/Src/lcd.o
 .debug_rnglists
                0x0000000000000063      0x259 ./Core/Src/main.o
 .debug_rnglists
                0x00000000000002bc       0x13 ./Core/Src/stm32l4xx_hal_msp.o
 .debug_rnglists
                0x00000000000002cf       0x43 ./Core/Src/stm32l4xx_it.o
 .debug_rnglists
                0x0000000000000312       0x1a ./Core/Src/system_stm32l4xx.o
 .debug_rnglists
                0x000000000000032c       0x19 ./Core/Startup/startup_stm32l476rgtx.o
 .debug_rnglists
                0x0000000000000345       0xdf ./Drivers/STM32L4xx_HAL_Driver/Src/stm32l4xx_hal.o
 .debug_rnglists
                0x0000000000000424       0xce ./Drivers/STM32L4xx_HAL_Driver/Src/stm32l4xx_hal_cortex.o
 .debug_rnglists
                0x00000000000004f2       0x3f ./Drivers/STM32L4xx_HAL_Driver/Src/stm32l4xx_hal_gpio.o
 .debug_rnglists
                0x0000000000000531      0x109 ./Drivers/STM32L4xx_HAL_Driver/Src/stm32l4xx_hal_pwr_ex.o
 .debug_rnglists
                0x000000000000063a       0x6d ./Drivers/STM32L4xx_HAL_Driver/Src/stm32l4xx_hal_rcc.o

.debug_macro    0x0000000000000000    0x25bf2
 .debug_macro   0x0000000000000000      0x287 ./Core/Src/lcd.o
 .debug_macro   0x0000000000000287      0x19b ./Core/Src/lcd.o
 .debug_macro   0x0000000000000422       0x2e ./Core/Src/lcd.o
 .debug_macro   0x0000000000000450       0x28 ./Core/Src/lcd.o
 .debug_macro   0x0000000000000478       0x8e ./Core/Src/lcd.o
 .debug_macro   0x0000000000000506       0x51 ./Core/Src/lcd.o
 .debug_macro   0x0000000000000557       0x1c ./Core/Src/lcd.o
 .debug_macro   0x0000000000000573       0x22 ./Core/Src/lcd.o
 .debug_macro   0x0000000000000595       0xfb ./Core/Src/lcd.o
 .debug_macro   0x0000000000000690     0x1011 ./Core/Src/lcd.o
 .debug_macro   0x00000000000016a1      0x11f ./Core/Src/lcd.o
 .debug_macro   0x00000000000017c0    0x1a17a ./Core/Src/lcd.o
 .debug_macro   0x000000000001b93a       0x6d ./Core/Src/lcd.o
 .debug_macro   0x000000000001b9a7     0x38e6 ./Core/Src/lcd.o
 .debug_macro   0x000000000001f28d       0x5c ./Core/Src/lcd.o
 .debug_macro   0x000000000001f2e9     0x159e ./Core/Src/lcd.o
 .debug_macro   0x0000000000020887      0x5a5 ./Core/Src/lcd.o
 .debug_macro   0x0000000000020e2c      0x1b9 ./Core/Src/lcd.o
 .debug_macro   0x0000000000020fe5      0x18b ./Core/Src/lcd.o
 .debug_macro   0x0000000000021170      0x26b ./Core/Src/lcd.o
 .debug_macro   0x00000000000213db      0x23d ./Core/Src/lcd.o
 .debug_macro   0x0000000000021618      0x241 ./Core/Src/lcd.o
 .debug_macro   0x0000000000021859      0x37c ./Core/Src/lcd.o
 .debug_macro   0x0000000000021bd5       0xd6 ./Core/Src/lcd.o
 .debug_macro   0x0000000000021cab      0x122 ./Core/Src/lcd.o
 .debug_macro   0x0000000000021dcd      0x3ef ./Core/Src/lcd.o
 .debug_macro   0x00000000000221bc      0x330 ./Core/Src/lcd.o
 .debug_macro   0x00000000000224ec       0x5e ./Core/Src/lcd.o
 .debug_macro   0x000000000002254a       0x61 ./Core/Src/lcd.o
 .debug_macro   0x00000000000225ab      0x58d ./Core/Src/main.o
 .debug_macro   0x0000000000022b38       0x58 ./Core/Src/main.o
 .debug_macro   0x0000000000022b90       0x16 ./Core/Src/main.o
 .debug_macro   0x0000000000022ba6       0x10 ./Core/Src/main.o
 .debug_macro   0x0000000000022bb6       0x10 ./Core/Src/main.o
 .debug_macro   0x0000000000022bc6       0x10 ./Core/Src/main.o
 .debug_macro   0x0000000000022bd6       0x1c ./Core/Src/main.o
 .debug_macro   0x0000000000022bf2       0x52 ./Core/Src/main.o
 .debug_macro   0x0000000000022c44       0x22 ./Core/Src/main.o
 .debug_macro   0x0000000000022c66       0x10 ./Core/Src/main.o
 .debug_macro   0x0000000000022c76       0x52 ./Core/Src/main.o
 .debug_macro   0x0000000000022cc8       0xc1 ./Core/Src/main.o
 .debug_macro   0x0000000000022d89       0x1c ./Core/Src/main.o
 .debug_macro   0x0000000000022da5       0x3d ./Core/Src/main.o
 .debug_macro   0x0000000000022de2       0x35 ./Core/Src/main.o
 .debug_macro   0x0000000000022e17       0x40 ./Core/Src/main.o
 .debug_macro   0x0000000000022e57       0x10 ./Core/Src/main.o
 .debug_macro   0x0000000000022e67       0x16 ./Core/Src/main.o
 .debug_macro   0x0000000000022e7d       0x16 ./Core/Src/main.o
 .debug_macro   0x0000000000022e93       0x29 ./Core/Src/main.o
 .debug_macro   0x0000000000022ebc       0x1c ./Core/Src/main.o
 .debug_macro   0x0000000000022ed8       0xde ./Core/Src/main.o
 .debug_macro   0x0000000000022fb6       0x1c ./Core/Src/main.o
 .debug_macro   0x0000000000022fd2       0x18 ./Core/Src/main.o
 .debug_macro   0x0000000000022fea       0x4f ./Core/Src/main.o
 .debug_macro   0x0000000000023039       0x41 ./Core/Src/main.o
 .debug_macro   0x000000000002307a       0x19 ./Core/Src/main.o
 .debug_macro   0x0000000000023093       0x28 ./Core/Src/main.o
 .debug_macro   0x00000000000230bb       0x2e ./Core/Src/main.o
 .debug_macro   0x00000000000230e9       0x19 ./Core/Src/main.o
 .debug_macro   0x0000000000023102       0x88 ./Core/Src/main.o
 .debug_macro   0x000000000002318a       0x19 ./Core/Src/main.o
 .debug_macro   0x00000000000231a3       0x11 ./Core/Src/main.o
 .debug_macro   0x00000000000231b4       0x10 ./Core/Src/main.o
 .debug_macro   0x00000000000231c4       0x27 ./Core/Src/main.o
 .debug_macro   0x00000000000231eb       0x11 ./Core/Src/main.o
 .debug_macro   0x00000000000231fc       0x26 ./Core/Src/main.o
 .debug_macro   0x0000000000023222      0x1a7 ./Core/Src/stm32l4xx_hal_msp.o
 .debug_macro   0x00000000000233c9      0xaa8 ./Core/Src/stm32l4xx_hal_msp.o
 .debug_macro   0x0000000000023e71     0x1011 ./Core/Src/stm32l4xx_hal_msp.o
 .debug_macro   0x0000000000024e82      0x174 ./Core/Src/stm32l4xx_hal_msp.o
 .debug_macro   0x0000000000024ff6      0x1b1 ./Core/Src/stm32l4xx_it.o
 .debug_macro   0x00000000000251a7      0x198 ./Core/Src/system_stm32l4xx.o
 .debug_macro   0x000000000002533f      0x1e6 ./Drivers/STM32L4xx_HAL_Driver/Src/stm32l4xx_hal.o
 .debug_macro   0x0000000000025525      0x198 ./Drivers/STM32L4xx_HAL_Driver/Src/stm32l4xx_hal_cortex.o
 .debug_macro   0x00000000000256bd      0x19f ./Drivers/STM32L4xx_HAL_Driver/Src/stm32l4xx_hal_gpio.o
 .debug_macro   0x000000000002585c      0x1bc ./Drivers/STM32L4xx_HAL_Driver/Src/stm32l4xx_hal_pwr_ex.o
 .debug_macro   0x0000000000025a18      0x1da ./Drivers/STM32L4xx_HAL_Driver/Src/stm32l4xx_hal_rcc.o

.debug_line     0x0000000000000000     0x81ce
 .debug_line    0x0000000000000000      0xbc1 ./Core/Src/lcd.o
 .debug_line    0x0000000000000bc1     0x2120 ./Core/Src/main.o
 .debug_line    0x0000000000002ce1      0x601 ./Core/Src/stm32l4xx_hal_msp.o
 .debug_line    0x00000000000032e2      0x7be ./Core/Src/stm32l4xx_it.o
 .debug_line    0x0000000000003aa0      0x793 ./Core/Src/system_stm32l4xx.o
 .debug_line    0x0000000000004233       0x7a ./Core/Startup/startup_stm32l476rgtx.o
 .debug_line    0x00000000000042ad      0xaeb ./Drivers/STM32L4xx_HAL_Driver/Src/stm32l4xx_hal.o
 .debug_line    0x0000000000004d98      0xc92 ./Drivers/STM32L4xx_HAL_Driver/Src/stm32l4xx_hal_cortex.o
 .debug_line    0x0000000000005a2a      0xb5f ./Drivers/STM32L4xx_HAL_Driver/Src/stm32l4xx_hal_gpio.o
 .debug_line    0x0000000000006589      0xce3 ./Drivers/STM32L4xx_HAL_Driver/Src/stm32l4xx_hal_pwr_ex.o
 .debug_line    0x000000000000726c      0xf62 ./Drivers/STM32L4xx_HAL_Driver/Src/stm32l4xx_hal_rcc.o

.debug_str      0x0000000000000000    0xeab9d
 .debug_str     0x0000000000000000    0xe01cc ./Core/Src/lcd.o
                                      0xe04a9 (size before relaxing)
 .debug_str     0x00000000000e01cc     0x8e20 ./Core/Src/main.o
                                      0xe955d (size before relaxing)
 .debug_str     0x00000000000e8fec      0x226 ./Core/Src/stm32l4xx_hal_msp.o
                                      0xdc6e1 (size before relaxing)
 .debug_str     0x00000000000e9212       0xc9 ./Core/Src/stm32l4xx_it.o
                                      0xdc60d (size before relaxing)
 .debug_str     0x00000000000e92db       0xf2 ./Core/Src/system_stm32l4xx.o
                                      0xdc65a (size before relaxing)
 .debug_str     0x00000000000e93cd       0x34 ./Core/Startup/startup_stm32l476rgtx.o
                                         0x5e (size before relaxing)
 .debug_str     0x00000000000e9401      0xa9e ./Drivers/STM32L4xx_HAL_Driver/Src/stm32l4xx_hal.o
                                      0xdd1ed (size before relaxing)
 .debug_str     0x00000000000e9e9f      0x346 ./Drivers/STM32L4xx_HAL_Driver/Src/stm32l4xx_hal_cortex.o
                                      0xdcea1 (size before relaxing)
 .debug_str     0x00000000000ea1e5      0x12f ./Drivers/STM32L4xx_HAL_Driver/Src/stm32l4xx_hal_gpio.o
                                      0xdc7d3 (size before relaxing)
 .debug_str     0x00000000000ea314      0x4e3 ./Drivers/STM32L4xx_HAL_Driver/Src/stm32l4xx_hal_pwr_ex.o
                                      0xdcbb5 (size before relaxing)
 .debug_str     0x00000000000ea7f7      0x3a6 ./Drivers/STM32L4xx_HAL_Driver/Src/stm32l4xx_hal_rcc.o
                                      0xdcca0 (size before relaxing)

.debug_frame    0x0000000000000000     0x2434
 .debug_frame   0x0000000000000000      0x1dc ./Core/Src/lcd.o
 .debug_frame   0x00000000000001dc      0xe5c ./Core/Src/main.o
 .debug_frame   0x0000000000001038       0x38 ./Core/Src/stm32l4xx_hal_msp.o
 .debug_frame   0x0000000000001070      0x104 ./Core/Src/stm32l4xx_it.o
 .debug_frame   0x0000000000001174       0x58 ./Core/Src/system_stm32l4xx.o
 .debug_frame   0x00000000000011cc      0x498 ./Drivers/STM32L4xx_HAL_Driver/Src/stm32l4xx_hal.o
 .debug_frame   0x0000000000001664      0x498 ./Drivers/STM32L4xx_HAL_Driver/Src/stm32l4xx_hal_cortex.o
 .debug_frame   0x0000000000001afc      0x14c ./Drivers/STM32L4xx_HAL_Driver/Src/stm32l4xx_hal_gpio.o
 .debug_frame   0x0000000000001c48      0x584 ./Drivers/STM32L4xx_HAL_Driver/Src/stm32l4xx_hal_pwr_ex.o
 .debug_frame   0x00000000000021cc      0x21c ./Drivers/STM32L4xx_HAL_Driver/Src/stm32l4xx_hal_rcc.o
 .debug_frame   0x00000000000023e8       0x20 B:/AK_STM32/STM32CubeIDE_1.13.2/STM32CubeIDE/plugins/com.st.stm32cube.ide.mcu.externaltools.gnu-tools-for-stm32.11.3.rel1.win32_1.1.1.202309131626/tools/bin/../lib/gcc/arm-none-eabi/11.3.1/../../../../arm-none-eabi/lib/thumb/v7e-m+fp/hard\libc_nano.a(libc_a-memset.o)
 .debug_frame   0x0000000000002408       0x2c B:/AK_STM32/STM32CubeIDE_1.13.2/STM32CubeIDE/plugins/com.st.stm32cube.ide.mcu.externaltools.gnu-tools-for-stm32.11.3.rel1.win32_1.1.1.202309131626/tools/bin/../lib/gcc/arm-none-eabi/11.3.1/../../../../arm-none-eabi/lib/thumb/v7e-m+fp/hard\libc_nano.a(libc_a-init.o)

.debug_line_str
                0x0000000000000000       0x52
 .debug_line_str
                0x0000000000000000       0x52 ./Core/Startup/startup_stm32l476rgtx.o
                                         0x6a (size before relaxing)
