Archive member included to satisfy reference by file (symbol)

/opt/stm32cubeide/plugins/com.st.stm32cube.ide.mcu.externaltools.gnu-tools-for-stm32.11.3.rel1.linux64_1.1.1.202309131626/tools/bin/../lib/gcc/arm-none-eabi/11.3.1/../../../../arm-none-eabi/lib/thumb/v7e-m+fp/hard/libstdc++_nano.a(del_ops.o)
                              ./Core/Src/main.o (operator delete(void*, unsigned int))
/opt/stm32cubeide/plugins/com.st.stm32cube.ide.mcu.externaltools.gnu-tools-for-stm32.11.3.rel1.linux64_1.1.1.202309131626/tools/bin/../lib/gcc/arm-none-eabi/11.3.1/../../../../arm-none-eabi/lib/thumb/v7e-m+fp/hard/libstdc++_nano.a(new_op.o)
                              ./Core/Src/main.o (operator new(unsigned int))
/opt/stm32cubeide/plugins/com.st.stm32cube.ide.mcu.externaltools.gnu-tools-for-stm32.11.3.rel1.linux64_1.1.1.202309131626/tools/bin/../lib/gcc/arm-none-eabi/11.3.1/../../../../arm-none-eabi/lib/thumb/v7e-m+fp/hard/libstdc++_nano.a(functexcept.o)
                              ./Core/Src/main.o (std::__throw_bad_alloc())
/opt/stm32cubeide/plugins/com.st.stm32cube.ide.mcu.externaltools.gnu-tools-for-stm32.11.3.rel1.linux64_1.1.1.202309131626/tools/bin/../lib/gcc/arm-none-eabi/11.3.1/../../../../arm-none-eabi/lib/thumb/v7e-m+fp/hard/libstdc++_nano.a(snprintf_lite.o)
                              /opt/stm32cubeide/plugins/com.st.stm32cube.ide.mcu.externaltools.gnu-tools-for-stm32.11.3.rel1.linux64_1.1.1.202309131626/tools/bin/../lib/gcc/arm-none-eabi/11.3.1/../../../../arm-none-eabi/lib/thumb/v7e-m+fp/hard/libstdc++_nano.a(functexcept.o) (__gnu_cxx::__snprintf_lite(char*, unsigned int, char const*, std::__va_list))
/opt/stm32cubeide/plugins/com.st.stm32cube.ide.mcu.externaltools.gnu-tools-for-stm32.11.3.rel1.linux64_1.1.1.202309131626/tools/bin/../lib/gcc/arm-none-eabi/11.3.1/../../../../arm-none-eabi/lib/thumb/v7e-m+fp/hard/libstdc++_nano.a(del_op.o)
                              /opt/stm32cubeide/plugins/com.st.stm32cube.ide.mcu.externaltools.gnu-tools-for-stm32.11.3.rel1.linux64_1.1.1.202309131626/tools/bin/../lib/gcc/arm-none-eabi/11.3.1/../../../../arm-none-eabi/lib/thumb/v7e-m+fp/hard/libstdc++_nano.a(del_ops.o) (operator delete(void*))
/opt/stm32cubeide/plugins/com.st.stm32cube.ide.mcu.externaltools.gnu-tools-for-stm32.11.3.rel1.linux64_1.1.1.202309131626/tools/bin/../lib/gcc/arm-none-eabi/11.3.1/../../../../arm-none-eabi/lib/thumb/v7e-m+fp/hard/libstdc++_nano.a(new_handler.o)
                              /opt/stm32cubeide/plugins/com.st.stm32cube.ide.mcu.externaltools.gnu-tools-for-stm32.11.3.rel1.linux64_1.1.1.202309131626/tools/bin/../lib/gcc/arm-none-eabi/11.3.1/../../../../arm-none-eabi/lib/thumb/v7e-m+fp/hard/libstdc++_nano.a(new_op.o) (std::get_new_handler())
/opt/stm32cubeide/plugins/com.st.stm32cube.ide.mcu.externaltools.gnu-tools-for-stm32.11.3.rel1.linux64_1.1.1.202309131626/tools/bin/../lib/gcc/arm-none-eabi/11.3.1/../../../../arm-none-eabi/lib/thumb/v7e-m+fp/hard/libc_nano.a(libc_a-abort.o)
                              /opt/stm32cubeide/plugins/com.st.stm32cube.ide.mcu.externaltools.gnu-tools-for-stm32.11.3.rel1.linux64_1.1.1.202309131626/tools/bin/../lib/gcc/arm-none-eabi/11.3.1/../../../../arm-none-eabi/lib/thumb/v7e-m+fp/hard/libstdc++_nano.a(new_op.o) (abort)
/opt/stm32cubeide/plugins/com.st.stm32cube.ide.mcu.externaltools.gnu-tools-for-stm32.11.3.rel1.linux64_1.1.1.202309131626/tools/bin/../lib/gcc/arm-none-eabi/11.3.1/../../../../arm-none-eabi/lib/thumb/v7e-m+fp/hard/libc_nano.a(libc_a-exit.o)
                              /opt/stm32cubeide/plugins/com.st.stm32cube.ide.mcu.externaltools.gnu-tools-for-stm32.11.3.rel1.linux64_1.1.1.202309131626/tools/bin/../lib/gcc/arm-none-eabi/11.3.1/../../../../arm-none-eabi/lib/thumb/v7e-m+fp/hard/crt0.o (exit)
/opt/stm32cubeide/plugins/com.st.stm32cube.ide.mcu.externaltools.gnu-tools-for-stm32.11.3.rel1.linux64_1.1.1.202309131626/tools/bin/../lib/gcc/arm-none-eabi/11.3.1/../../../../arm-none-eabi/lib/thumb/v7e-m+fp/hard/libc_nano.a(libc_a-malloc.o)
                              /opt/stm32cubeide/plugins/com.st.stm32cube.ide.mcu.externaltools.gnu-tools-for-stm32.11.3.rel1.linux64_1.1.1.202309131626/tools/bin/../lib/gcc/arm-none-eabi/11.3.1/../../../../arm-none-eabi/lib/thumb/v7e-m+fp/hard/libstdc++_nano.a(new_op.o) (malloc)
/opt/stm32cubeide/plugins/com.st.stm32cube.ide.mcu.externaltools.gnu-tools-for-stm32.11.3.rel1.linux64_1.1.1.202309131626/tools/bin/../lib/gcc/arm-none-eabi/11.3.1/../../../../arm-none-eabi/lib/thumb/v7e-m+fp/hard/libc_nano.a(libc_a-mallocr.o)
                              /opt/stm32cubeide/plugins/com.st.stm32cube.ide.mcu.externaltools.gnu-tools-for-stm32.11.3.rel1.linux64_1.1.1.202309131626/tools/bin/../lib/gcc/arm-none-eabi/11.3.1/../../../../arm-none-eabi/lib/thumb/v7e-m+fp/hard/libc_nano.a(libc_a-malloc.o) (_malloc_r)
[...]
Memory Configuration

Name             Origin             Length             Attributes
RAM              0x0000000020000000 0x0000000000018000 xrw
RAM2             0x0000000010000000 0x0000000000008000 xrw
FLASH            0x0000000008000000 0x0000000000100000 xr
*default*        0x0000000000000000 0xffffffffffffffff

Linker script and memory map

LOAD /opt/stm32cubeide/plugins/com.st.stm32cube.ide.mcu.externaltools.gnu-tools-for-stm32.11.3.rel1.linux64_1.1.1.202309131626/tools/bin/../lib/gcc/arm-none-eabi/11.3.1/thumb/v7e-m+fp/hard/crti.o
LOAD /opt/stm32cubeide/plugins/com.st.stm32cube.ide.mcu.externaltools.gnu-tools-for-stm32.11.3.rel1.linux64_1.1.1.202309131626/tools/bin/../lib/gcc/arm-none-eabi/11.3.1/thumb/v7e-m+fp/hard/crtbegin.o
LOAD /opt/stm32cubeide/plugins/com.st.stm32cube.ide.mcu.externaltools.gnu-tools-for-stm32.11.3.rel1.linux64_1.1.1.202309131626/tools/bin/../lib/gcc/arm-none-eabi/11.3.1/../../../../arm-none-eabi/lib/thumb/v7e-m+fp/hard/crt0.o
LOAD ./Core/Src/Dino.o
LOAD ./Core/Src/Obstacle.o
LOAD ./Core/Src/Score.o
LOAD ./Core/Src/lcd.o
LOAD ./Core/Src/main.o
LOAD ./Core/Src/stm32l4xx_hal_msp.o
LOAD ./Core/Src/stm32l4xx_it.o
LOAD ./Core/Src/syscalls.o
LOAD ./Core/Src/sysmem.o
LOAD ./Core/Src/system_stm32l4xx.o
LOAD ./Core/Startup/startup_stm32l476rgtx.o
LOAD ./Drivers/STM32L4xx_HAL_Driver/Src/stm32l4xx_hal.o
LOAD ./Drivers/STM32L4xx_HAL_Driver/Src/stm32l4xx_hal_cortex.o
LOAD ./Drivers/STM32L4xx_HAL_Driver/Src/stm32l4xx_hal_dma.o
LOAD ./Drivers/STM32L4xx_HAL_Driver/Src/stm32l4xx_hal_dma_ex.o
LOAD ./Drivers/STM32L4xx_HAL_Driver/Src/stm32l4xx_hal_exti.o
LOAD ./Drivers/STM32L4xx_HAL_Driver/Src/stm32l4xx_hal_flash.o
LOAD ./Drivers/STM32L4xx_HAL_Driver/Src/stm32l4xx_hal_flash_ex.o
LOAD ./Drivers/STM32L4xx_HAL_Driver/Src/stm32l4xx_hal_flash_ramfunc.o
LOAD ./Drivers/STM32L4xx_HAL_Driver/Src/stm32l4xx_hal_gpio.o
LOAD ./Drivers/STM32L4xx_HAL_Driver/Src/stm32l4xx_hal_pwr.o
LOAD ./Drivers/STM32L4xx_HAL_Driver/Src/stm32l4xx_hal_pwr_ex.o
LOAD ./Drivers/STM32L4xx_HAL_Driver/Src/stm32l4xx_hal_rcc.o
LOAD ./Drivers/STM32L4xx_HAL_Driver/Src/stm32l4xx_hal_rcc_ex.o
LOAD ./Drivers/STM32L4xx_HAL_Driver/Src/stm32l4xx_hal_tim.o
LOAD ./Drivers/STM32L4xx_HAL_Driver/Src/stm32l4xx_hal_tim_ex.o
START GROUP
LOAD /opt/stm32cubeide/plugins/com.st.stm32cube.ide.mcu.externaltools.gnu-tools-for-stm32.11.3.rel1.linux64_1.1.1.202309131626/tools/bin/../lib/gcc/arm-none-eabi/11.3.1/../../../../arm-none-eabi/lib/thumb/v7e-m+fp/hard/libstdc++_nano.a
LOAD /opt/stm32cubeide/plugins/com.st.stm32cube.ide.mcu.externaltools.gnu-tools-for-stm32.11.3.rel1.linux64_1.1.1.202309131626/tools/bin/../lib/gcc/arm-none-eabi/11.3.1/../../../../arm-none-eabi/lib/thumb/v7e-m+fp/hard/libsupc++_nano.a
END GROUP
LOAD /opt/stm32cubeide/plugins/com.st.stm32cube.ide.mcu.externaltools.gnu-tools-for-stm32.11.3.rel1.linux64_1.1.1.202309131626/tools/bin/../lib/gcc/arm-none-eabi/11.3.1/../../../../arm-none-eabi/lib/thumb/v7e-m+fp/hard/libstdc++_nano.a
LOAD /opt/stm32cubeide/plugins/com.st.stm32cube.ide.mcu.externaltools.gnu-tools-for-stm32.11.3.rel1.linux64_1.1.1.202309131626/tools/bin/../lib/gcc/arm-none-eabi/11.3.1/../../../../arm-none-eabi/lib/thumb/v7e-m+fp/hard/libm.a
LOAD /opt/stm32cubeide/plugins/com.st.stm32cube.ide.mcu.externaltools.gnu-tools-for-stm32.11.3.rel1.linux64_1.1.1.202309131626/tools/bin/../lib/gcc/arm-none-eabi/11.3.1/../../../../arm-none-eabi/lib/thumb/v7e-m+fp/hard/libc_nano.a
START GROUP
LOAD /opt/stm32cubeide/plugins/com.st.stm32cube.ide.mcu.externaltools.gnu-tools-for-stm32.11.3.rel1.linux64_1.1.1.202309131626/tools/bin/../lib/gcc/arm-none-eabi/11.3.1/thumb/v7e-m+fp/hard/libgcc.a
LOAD /opt/stm32cubeide/plugins/com.st.stm32cube.ide.mcu.externaltools.gnu-tools-for-stm32.11.3.rel1.linux64_1.1.1.202309131626/tools/bin/../lib/gcc/arm-none-eabi/11.3.1/../../../../arm-none-eabi/lib/thumb/v7e-m+fp/hard/libc_nano.a
END GROUP
START GROUP
LOAD /opt/stm32cubeide/plugins/com.st.stm32cube.ide.mcu.externaltools.gnu-tools-for-stm32.11.3.rel1.linux64_1.1.1.202309131626/tools/bin/../lib/gcc/arm-none-eabi/11.3.1/thumb/v7e-m+fp/hard/libgcc.a
LOAD /opt/stm32cubeide/plugins/com.st.stm32cube.ide.mcu.externaltools.gnu-tools-for-stm32.11.3.rel1.linux64_1.1.1.202309131626/tools/bin/../lib/gcc/arm-none-eabi/11.3.1/../../../../arm-none-eabi/lib/thumb/v7e-m+fp/hard/libc_nano.a
LOAD /opt/stm32cubeide/plugins/com.st.stm32cube.ide.mcu.externaltools.gnu-tools-for-stm32.11.3.rel1.linux64_1.1.1.202309131626/tools/bin/../lib/gcc/arm-none-eabi/11.3.1/../../../../arm-none-eabi/lib/thumb/v7e-m+fp/hard/libnosys.a
END GROUP
START GROUP
LOAD /opt/stm32cubeide/plugins/com.st.stm32cube.ide.mcu.externaltools.gnu-tools-for-stm32.11.3.rel1.linux64_1.1.1.202309131626/tools/bin/../lib/gcc/arm-none-eabi/11.3.1/thumb/v7e-m+fp/hard/libgcc.a
LOAD /opt/stm32cubeide/plugins/com.st.stm32cube.ide.mcu.externaltools.gnu-tools-for-stm32.11.3.rel1.linux64_1.1.1.202309131626/tools/bin/../lib/gcc/arm-none-eabi/11.3.1/../../../../arm-none-eabi/lib/thumb/v7e-m+fp/hard/libc_nano.a
LOAD /opt/stm32cubeide/plugins/com.st.stm32cube.ide.mcu.externaltools.gnu-tools-for-stm32.11.3.rel1.linux64_1.1.1.202309131626/tools/bin/../lib/gcc/arm-none-eabi/11.3.1/../../../../arm-none-eabi/lib/thumb/v7e-m+fp/hard/libnosys.a
END GROUP
LOAD /opt/stm32cubeide/plugins/com.st.stm32cube.ide.mcu.externaltools.gnu-tools-for-stm32.11.3.rel1.linux64_1.1.1.202309131626/tools/bin/../lib/gcc/arm-none-eabi/11.3.1/thumb/v7e-m+fp/hard/crtend.o
LOAD /opt/stm32cubeide/plugins/com.st.stm32cube.ide.mcu.externaltools.gnu-tools-for-stm32.11.3.rel1.linux64_1.1.1.202309131626/tools/bin/../lib/gcc/arm-none-eabi/11.3.1/thumb/v7e-m+fp/hard/crtn.o
                0x0000000020018000                _estack = (ORIGIN (RAM) + LENGTH (RAM))
                0x0000000000000200                _Min_Heap_Size = 0x200
                0x0000000000000400                _Min_Stack_Size = 0x400

.isr_vector     0x0000000008000000      0x188
                0x0000000008000000                . = ALIGN (0x4)
 *(.isr_vector)
 .isr_vector    0x0000000008000000      0x188 ./Core/Startup/startup_stm32l476rgtx.o
                0x0000000008000000                g_pfnVectors
                0x0000000008000188                . = ALIGN (0x4)

.text           0x0000000008000190     0x4c98
                0x0000000008000190                . = ALIGN (0x4)
 *(.text)
 .text          0x0000000008000190       0x40 /opt/stm32cubeide/plugins/com.st.stm32cube.ide.mcu.externaltools.gnu-tools-for-stm32.11.3.rel1.linux64_1.1.1.202309131626/tools/bin/../lib/gcc/arm-none-eabi/11.3.1/thumb/v7e-m+fp/hard/crtbegin.o
 .text          0x00000000080001d0       0xa0 /opt/stm32cubeide/plugins/com.st.stm32cube.ide.mcu.externaltools.gnu-tools-for-stm32.11.3.rel1.linux64_1.1.1.202309131626/tools/bin/../lib/gcc/arm-none-eabi/11.3.1/../../../../arm-none-eabi/lib/thumb/v7e-m+fp/hard/libc_nano.a(libc_a-memchr.o)
                0x00000000080001d0                memchr
 *(.text*)
 .text._Z5Delaym
                0x0000000008000270       0x24 ./Core/Src/lcd.o
                0x0000000008000270                Delay(unsigned long)
 .text._Z9lcd_delayv
                0x0000000008000294        0xe ./Core/Src/lcd.o
                0x0000000008000294                lcd_delay()
 *fill*         0x00000000080002a2        0x2 
 .text._Z7lcd_cmdc
                0x00000000080002a4      0x1b0 ./Core/Src/lcd.o
                0x00000000080002a4                lcd_cmd(char)
 .text._Z11lcd_char_cpc
                0x0000000008000454      0x1b4 ./Core/Src/lcd.o
                0x0000000008000454                lcd_char_cp(char)
 .text._Z10lcd_out_cpPc
                0x0000000008000608       0x2e ./Core/Src/lcd.o
                0x0000000008000608                lcd_out_cp(char*)
 .text._Z8lcd_initccc
                0x0000000008000636       0x7c ./Core/Src/lcd.o
                0x0000000008000636                lcd_init(char, char, char)
 .text._Z10lcd_gotoxyhh
                0x00000000080006b2       0x44 ./Core/Src/lcd.o
                0x00000000080006b2                lcd_gotoxy(unsigned char, unsigned char)
 .text._Z9lcd_printhhPc
                0x00000000080006f6       0x30 ./Core/Src/lcd.o
                0x00000000080006f6                lcd_print(unsigned char, unsigned char, char*)
 .text._Z9lcd_clearv
                0x0000000008000726       0x14 ./Core/Src/lcd.o
                0x0000000008000726                lcd_clear()
 *fill*         0x000000000800073a        0x2 
 .text._ZN10GameObjectC2EPchh
                0x000000000800073c       0x40 ./Core/Src/main.o
                0x000000000800073c                GameObject::GameObject(char*, unsigned char, unsigned char)
                0x000000000800073c                GameObject::GameObject(char*, unsigned char, unsigned char)
 .text._ZN10GameObject4getXEv
                0x000000000800077c       0x18 ./Core/Src/main.o
                0x000000000800077c                GameObject::getX()
 .text._ZN10GameObject4getYEv
                0x0000000008000794       0x18 ./Core/Src/main.o
                0x0000000008000794                GameObject::getY()
 .text._ZN10GameObject10getTextureEv
                0x00000000080007ac       0x18 ./Core/Src/main.o
                0x00000000080007ac                GameObject::getTexture()
 .text._ZN10GameObject4drawEv
                0x00000000080007c4       0x22 ./Core/Src/main.o
                0x00000000080007c4                GameObject::draw()
 .text._ZN10GameObject4moveEhh
                0x00000000080007e6       0x38 ./Core/Src/main.o
                0x00000000080007e6                GameObject::move(unsigned char, unsigned char)
 .text._ZN10GameObject10setTextureEPc
                0x000000000800081e       0x1e ./Core/Src/main.o
                0x000000000800081e                GameObject::setTexture(char*)
 .text._ZN10GameObjectD2Ev
                0x000000000800083c       0x20 ./Core/Src/main.o
                0x000000000800083c                GameObject::~GameObject()
                0x000000000800083c                GameObject::~GameObject()
 .text._ZN10GameObjectD0Ev
                0x000000000800085c       0x20 ./Core/Src/main.o
                0x000000000800085c                GameObject::~GameObject()
 .text._ZN8ObstacleC2EPc
                0x000000000800087c       0x2c ./Core/Src/main.o
                0x000000000800087c                Obstacle::Obstacle(char*)
                0x000000000800087c                Obstacle::Obstacle(char*)
 .text._ZN8Obstacle4moveEv
                0x00000000080008a8       0x1c ./Core/Src/main.o
                0x00000000080008a8                Obstacle::move()
 .text._ZN8Obstacle8collidesE10GameObject
                0x00000000080008c4       0x52 ./Core/Src/main.o
                0x00000000080008c4                Obstacle::collides(GameObject)
 *fill*         0x0000000008000916        0x2 
 .text._ZN5ScoreC2Ehh
                0x0000000008000918       0x40 ./Core/Src/main.o
                0x0000000008000918                Score::Score(unsigned char, unsigned char)
                0x0000000008000918                Score::Score(unsigned char, unsigned char)
 .text._ZN5Score3getEv
                0x0000000008000958       0x18 ./Core/Src/main.o
                0x0000000008000958                Score::get()
 .text._ZN5Score2upEv
                0x0000000008000970       0x40 ./Core/Src/main.o
                0x0000000008000970                Score::up()
 .text._ZN5Score17calculateMaxScoreEv
                0x00000000080009b0       0x2e ./Core/Src/main.o
                0x00000000080009b0                Score::calculateMaxScore()
 *fill*         0x00000000080009de        0x2 
 .text._ZN5Score5resetEv
                0x00000000080009e0       0x24 ./Core/Src/main.o
                0x00000000080009e0                Score::reset()
 .text._ZN4DinoC2EPA8_chh
                0x0000000008000a04       0x74 ./Core/Src/main.o
                0x0000000008000a04                Dino::Dino(char (*) [8], unsigned char, unsigned char)
                0x0000000008000a04                Dino::Dino(char (*) [8], unsigned char, unsigned char)
 .text._ZN4Dino4jumpEv
                0x0000000008000a78       0x22 ./Core/Src/main.o
                0x0000000008000a78                Dino::jump()
 .text._ZN4Dino4fallEv
                0x0000000008000a9a       0x38 ./Core/Src/main.o
                0x0000000008000a9a                Dino::fall()
 .text._ZN4Dino4drawEv
                0x0000000008000ad2       0x56 ./Core/Src/main.o
                0x0000000008000ad2                Dino::draw()
 .text._ZnwjPv  0x0000000008000b28       0x18 ./Core/Src/main.o
                0x0000000008000b28                operator new(unsigned int, void*)
 .text._Z14loadCustomCharhPKc
                0x0000000008000b40       0x4a ./Core/Src/main.o
                0x0000000008000b40                loadCustomChar(unsigned char, char const*)
 *fill*         0x0000000008000b8a        0x2 
 .text._Z17load_custom_charsv
                0x0000000008000b8c       0x50 ./Core/Src/main.o
                0x0000000008000b8c                load_custom_chars()
 .text._Z14lcd_transitionv
                0x0000000008000bdc      0x108 ./Core/Src/main.o
                0x0000000008000bdc                lcd_transition()
 .text._Z16manage_obstaclesRSt6vectorI8ObstacleSaIS0_EE
                0x0000000008000ce4      0x168 ./Core/Src/main.o
                0x0000000008000ce4                manage_obstacles(std::vector<Obstacle, std::allocator<Obstacle> >&)
 .text._Z8end_gameP5Score
                0x0000000008000e4c       0x90 ./Core/Src/main.o
                0x0000000008000e4c                end_game(Score*)
 .text._ZNSt12_Vector_baseI8ObstacleSaIS0_EE12_Vector_implD2Ev
                0x0000000008000edc       0x18 ./Core/Src/main.o
                0x0000000008000edc                std::_Vector_base<Obstacle, std::allocator<Obstacle> >::_Vector_impl::~_Vector_impl()
                0x0000000008000edc                std::_Vector_base<Obstacle, std::allocator<Obstacle> >::_Vector_impl::~_Vector_impl()
 .text._ZNSt12_Vector_baseI8ObstacleSaIS0_EEC2Ev
                0x0000000008000ef4       0x1a ./Core/Src/main.o
                0x0000000008000ef4                std::_Vector_base<Obstacle, std::allocator<Obstacle> >::_Vector_base()
                0x0000000008000ef4                std::_Vector_base<Obstacle, std::allocator<Obstacle> >::_Vector_base()
 .text._ZNSt6vectorI8ObstacleSaIS0_EEC2Ev
                0x0000000008000f0e       0x1a ./Core/Src/main.o
                0x0000000008000f0e                std::vector<Obstacle, std::allocator<Obstacle> >::vector()
                0x0000000008000f0e                std::vector<Obstacle, std::allocator<Obstacle> >::vector()
 .text._ZN10GameObjectC2ERKS_
                0x0000000008000f28       0x3c ./Core/Src/main.o
                0x0000000008000f28                GameObject::GameObject(GameObject const&)
                0x0000000008000f28                GameObject::GameObject(GameObject const&)
 .text._Z4gameP5Score
                0x0000000008000f64      0x1d8 ./Core/Src/main.o
                0x0000000008000f64                game(Score*)
 .text.main     0x000000000800113c       0x50 ./Core/Src/main.o
                0x000000000800113c                main
 .text._Z18SystemClock_Configv
                0x000000000800118c       0xaa ./Core/Src/main.o
                0x000000000800118c                SystemClock_Config()
 *fill*         0x0000000008001236        0x2 
 .text._ZL12MX_GPIO_Initv
                0x0000000008001238      0x10c ./Core/Src/main.o
 .text.Error_Handler
                0x0000000008001344        0xa ./Core/Src/main.o
                0x0000000008001344                Error_Handler
 .text._ZNKSt6vectorI8ObstacleSaIS0_EE5emptyEv
                0x000000000800134e       0x36 ./Core/Src/main.o
                0x000000000800134e                std::vector<Obstacle, std::allocator<Obstacle> >::empty() const
 .text._ZNSt6vectorI8ObstacleSaIS0_EEixEj
                0x0000000008001384       0x26 ./Core/Src/main.o
                0x0000000008001384                std::vector<Obstacle, std::allocator<Obstacle> >::operator[](unsigned int)
 .text._ZNSt6vectorI8ObstacleSaIS0_EE5beginEv
                0x00000000080013aa       0x20 ./Core/Src/main.o
                0x00000000080013aa                std::vector<Obstacle, std::allocator<Obstacle> >::begin()
 .text._ZN9__gnu_cxx17__normal_iteratorIPK8ObstacleSt6vectorIS1_SaIS1_EEEC2IPS1_EERKNS0_IT_NS_11__enable_ifIXsrSt10__are_sameISA_S9_E7__valueES6_E6__typeEEE
                0x00000000080013ca       0x22 ./Core/Src/main.o
                0x00000000080013ca                __gnu_cxx::__normal_iterator<Obstacle const*, std::vector<Obstacle, std::allocator<Obstacle> > >::__normal_iterator<Obstacle*>(__gnu_cxx::__normal_iterator<Obstacle*, __gnu_cxx::__enable_if<std::__are_same<Obstacle*, Obstacle*>::__value, std::vector<Obstacle, std::allocator<Obstacle> > >::__type> const&)
                0x00000000080013ca                __gnu_cxx::__normal_iterator<Obstacle const*, std::vector<Obstacle, std::allocator<Obstacle> > >::__normal_iterator<Obstacle*>(__gnu_cxx::__normal_iterator<Obstacle*, __gnu_cxx::__enable_if<std::__are_same<Obstacle*, Obstacle*>::__value, std::vector<Obstacle, std::allocator<Obstacle> > >::__type> const&)
 .text._ZNSt6vectorI8ObstacleSaIS0_EE5eraseEN9__gnu_cxx17__normal_iteratorIPKS0_S2_EE
                0x00000000080013ec       0x4e ./Core/Src/main.o
                0x00000000080013ec                std::vector<Obstacle, std::allocator<Obstacle> >::erase(__gnu_cxx::__normal_iterator<Obstacle const*, std::vector<Obstacle, std::allocator<Obstacle> > >)
 .text._ZNSt6vectorI8ObstacleSaIS0_EE3endEv
                0x000000000800143a       0x22 ./Core/Src/main.o
                0x000000000800143a                std::vector<Obstacle, std::allocator<Obstacle> >::end()
 .text._ZN9__gnu_cxxneIP8ObstacleSt6vectorIS1_SaIS1_EEEEbRKNS_17__normal_iteratorIT_T0_EESB_
                0x000000000800145c       0x30 ./Core/Src/main.o
                0x000000000800145c                bool __gnu_cxx::operator!=<Obstacle*, std::vector<Obstacle, std::allocator<Obstacle> > >(__gnu_cxx::__normal_iterator<Obstacle*, std::vector<Obstacle, std::allocator<Obstacle> > > const&, __gnu_cxx::__normal_iterator<Obstacle*, std::vector<Obstacle, std::allocator<Obstacle> > > const&)
 .text._ZN9__gnu_cxx17__normal_iteratorIP8ObstacleSt6vectorIS1_SaIS1_EEEppEv
                0x000000000800148c       0x22 ./Core/Src/main.o
                0x000000000800148c                __gnu_cxx::__normal_iterator<Obstacle*, std::vector<Obstacle, std::allocator<Obstacle> > >::operator++()
 .text._ZNK9__gnu_cxx17__normal_iteratorIP8ObstacleSt6vectorIS1_SaIS1_EEEdeEv
                0x00000000080014ae       0x18 ./Core/Src/main.o
                0x00000000080014ae                __gnu_cxx::__normal_iterator<Obstacle*, std::vector<Obstacle, std::allocator<Obstacle> > >::operator*() const
 .text._ZNSt6vectorI8ObstacleSaIS0_EE12emplace_backIJS0_EEEvDpOT_
                0x00000000080014c6       0x5e ./Core/Src/main.o
                0x00000000080014c6                void std::vector<Obstacle, std::allocator<Obstacle> >::emplace_back<Obstacle>(Obstacle&&)
 .text._ZNSt12_Vector_baseI8ObstacleSaIS0_EE12_Vector_implC2Ev
                0x0000000008001524       0x20 ./Core/Src/main.o
                0x0000000008001524                std::_Vector_base<Obstacle, std::allocator<Obstacle> >::_Vector_impl::_Vector_impl()
                0x0000000008001524                std::_Vector_base<Obstacle, std::allocator<Obstacle> >::_Vector_impl::_Vector_impl()
 .text._ZNSaI8ObstacleED2Ev
                0x0000000008001544       0x18 ./Core/Src/main.o
                0x0000000008001544                std::allocator<Obstacle>::~allocator()
                0x0000000008001544                std::allocator<Obstacle>::~allocator()
 .text._ZNSt12_Vector_baseI8ObstacleSaIS0_EED2Ev
                0x000000000800155c       0x3c ./Core/Src/main.o
                0x000000000800155c                std::_Vector_base<Obstacle, std::allocator<Obstacle> >::~_Vector_base()
                0x000000000800155c                std::_Vector_base<Obstacle, std::allocator<Obstacle> >::~_Vector_base()
 .text._ZNSt6vectorI8ObstacleSaIS0_EED2Ev
                0x0000000008001598       0x36 ./Core/Src/main.o
                0x0000000008001598                std::vector<Obstacle, std::allocator<Obstacle> >::~vector()
                0x0000000008001598                std::vector<Obstacle, std::allocator<Obstacle> >::~vector()
 .text._ZNKSt6vectorI8ObstacleSaIS0_EE5beginEv
                0x00000000080015ce       0x20 ./Core/Src/main.o
                0x00000000080015ce                std::vector<Obstacle, std::allocator<Obstacle> >::begin() const
 .text._ZNKSt6vectorI8ObstacleSaIS0_EE3endEv
                0x00000000080015ee       0x22 ./Core/Src/main.o
                0x00000000080015ee                std::vector<Obstacle, std::allocator<Obstacle> >::end() const
 .text._ZN9__gnu_cxxeqIPK8ObstacleSt6vectorIS1_SaIS1_EEEEbRKNS_17__normal_iteratorIT_T0_EESC_
                0x0000000008001610       0x30 ./Core/Src/main.o
                0x0000000008001610                bool __gnu_cxx::operator==<Obstacle const*, std::vector<Obstacle, std::allocator<Obstacle> > >(__gnu_cxx::__normal_iterator<Obstacle const*, std::vector<Obstacle, std::allocator<Obstacle> > > const&, __gnu_cxx::__normal_iterator<Obstacle const*, std::vector<Obstacle, std::allocator<Obstacle> > > const&)
 .text._ZN9__gnu_cxx17__normal_iteratorIP8ObstacleSt6vectorIS1_SaIS1_EEEC2ERKS2_
                0x0000000008001640       0x20 ./Core/Src/main.o
                0x0000000008001640                __gnu_cxx::__normal_iterator<Obstacle*, std::vector<Obstacle, std::allocator<Obstacle> > >::__normal_iterator(Obstacle* const&)
                0x0000000008001640                __gnu_cxx::__normal_iterator<Obstacle*, std::vector<Obstacle, std::allocator<Obstacle> > >::__normal_iterator(Obstacle* const&)
 .text._ZNK9__gnu_cxx17__normal_iteratorIP8ObstacleSt6vectorIS1_SaIS1_EEE4baseEv
                0x0000000008001660       0x16 ./Core/Src/main.o
                0x0000000008001660                __gnu_cxx::__normal_iterator<Obstacle*, std::vector<Obstacle, std::allocator<Obstacle> > >::base() const
 .text._ZNKSt6vectorI8ObstacleSaIS0_EE6cbeginEv
                0x0000000008001676       0x20 ./Core/Src/main.o
                0x0000000008001676                std::vector<Obstacle, std::allocator<Obstacle> >::cbegin() const
 *fill*         0x0000000008001696        0x2 
 .text._ZN9__gnu_cxxmiIPK8ObstacleSt6vectorIS1_SaIS1_EEEENS_17__normal_iteratorIT_T0_E15difference_typeERKSA_SD_
                0x0000000008001698       0x34 ./Core/Src/main.o
                0x0000000008001698                __gnu_cxx::__normal_iterator<Obstacle const*, std::vector<Obstacle, std::allocator<Obstacle> > >::difference_type __gnu_cxx::operator-<Obstacle const*, std::vector<Obstacle, std::allocator<Obstacle> > >(__gnu_cxx::__normal_iterator<Obstacle const*, std::vector<Obstacle, std::allocator<Obstacle> > > const&, __gnu_cxx::__normal_iterator<Obstacle const*, std::vector<Obstacle, std::allocator<Obstacle> > > const&)
 .text._ZNK9__gnu_cxx17__normal_iteratorIP8ObstacleSt6vectorIS1_SaIS1_EEEplEi
                0x00000000080016cc       0x36 ./Core/Src/main.o
                0x00000000080016cc                __gnu_cxx::__normal_iterator<Obstacle*, std::vector<Obstacle, std::allocator<Obstacle> > >::operator+(int) const
 .text._ZNSt6vectorI8ObstacleSaIS0_EE8_M_eraseEN9__gnu_cxx17__normal_iteratorIPS0_S2_EE
                0x0000000008001702       0x7a ./Core/Src/main.o
                0x0000000008001702                std::vector<Obstacle, std::allocator<Obstacle> >::_M_erase(__gnu_cxx::__normal_iterator<Obstacle*, std::vector<Obstacle, std::allocator<Obstacle> > >)
 .text._ZSt7forwardI8ObstacleEOT_RNSt16remove_referenceIS1_E4typeE
                0x000000000800177c       0x16 ./Core/Src/main.o
                0x000000000800177c                Obstacle&& std::forward<Obstacle>(std::remove_reference<Obstacle>::type&)
 .text._ZNSt16allocator_traitsISaI8ObstacleEE9constructIS0_JS0_EEEvRS1_PT_DpOT0_
                0x0000000008001792       0x26 ./Core/Src/main.o
                0x0000000008001792                void std::allocator_traits<std::allocator<Obstacle> >::construct<Obstacle, Obstacle>(std::allocator<Obstacle>&, Obstacle*, Obstacle&&)
 .text._ZNSt6vectorI8ObstacleSaIS0_EE15_S_use_relocateEv
                0x00000000080017b8       0x16 ./Core/Src/main.o
                0x00000000080017b8                std::vector<Obstacle, std::allocator<Obstacle> >::_S_use_relocate()
 .text._ZNSt6vectorI8ObstacleSaIS0_EE19_S_nothrow_relocateESt17integral_constantIbLb1EE
                0x00000000080017ce       0x16 ./Core/Src/main.o
                0x00000000080017ce                std::vector<Obstacle, std::allocator<Obstacle> >::_S_nothrow_relocate(std::integral_constant<bool, true>)
 .text._ZNSt6vectorI8ObstacleSaIS0_EE17_M_realloc_insertIJS0_EEEvN9__gnu_cxx17__normal_iteratorIPS0_S2_EEDpOT_
                0x00000000080017e4      0x190 ./Core/Src/main.o
                0x00000000080017e4                void std::vector<Obstacle, std::allocator<Obstacle> >::_M_realloc_insert<Obstacle>(__gnu_cxx::__normal_iterator<Obstacle*, std::vector<Obstacle, std::allocator<Obstacle> > >, Obstacle&&)
 .text._ZNSaI8ObstacleEC2Ev
                0x0000000008001974       0x18 ./Core/Src/main.o
                0x0000000008001974                std::allocator<Obstacle>::allocator()
                0x0000000008001974                std::allocator<Obstacle>::allocator()
 .text._ZNSt12_Vector_baseI8ObstacleSaIS0_EE17_Vector_impl_dataC2Ev
                0x000000000800198c       0x28 ./Core/Src/main.o
                0x000000000800198c                std::_Vector_base<Obstacle, std::allocator<Obstacle> >::_Vector_impl_data::_Vector_impl_data()
                0x000000000800198c                std::_Vector_base<Obstacle, std::allocator<Obstacle> >::_Vector_impl_data::_Vector_impl_data()
 .text._ZN9__gnu_cxx13new_allocatorI8ObstacleED2Ev
                0x00000000080019b4       0x16 ./Core/Src/main.o
                0x00000000080019b4                __gnu_cxx::new_allocator<Obstacle>::~new_allocator()
                0x00000000080019b4                __gnu_cxx::new_allocator<Obstacle>::~new_allocator()
 .text._ZNSt12_Vector_baseI8ObstacleSaIS0_EE13_M_deallocateEPS0_j
                0x00000000080019ca       0x26 ./Core/Src/main.o
                0x00000000080019ca                std::_Vector_base<Obstacle, std::allocator<Obstacle> >::_M_deallocate(Obstacle*, unsigned int)
 .text._ZNSt12_Vector_baseI8ObstacleSaIS0_EE19_M_get_Tp_allocatorEv
                0x00000000080019f0       0x16 ./Core/Src/main.o
                0x00000000080019f0                std::_Vector_base<Obstacle, std::allocator<Obstacle> >::_M_get_Tp_allocator()
 .text._ZSt8_DestroyIP8ObstacleS0_EvT_S2_RSaIT0_E
                0x0000000008001a06       0x1c ./Core/Src/main.o
                0x0000000008001a06                void std::_Destroy<Obstacle*, Obstacle>(Obstacle*, Obstacle*, std::allocator<Obstacle>&)
 .text._ZN9__gnu_cxx17__normal_iteratorIPK8ObstacleSt6vectorIS1_SaIS1_EEEC2ERKS3_
                0x0000000008001a22       0x20 ./Core/Src/main.o
                0x0000000008001a22                __gnu_cxx::__normal_iterator<Obstacle const*, std::vector<Obstacle, std::allocator<Obstacle> > >::__normal_iterator(Obstacle const* const&)
                0x0000000008001a22                __gnu_cxx::__normal_iterator<Obstacle const*, std::vector<Obstacle, std::allocator<Obstacle> > >::__normal_iterator(Obstacle const* const&)
 .text._ZNK9__gnu_cxx17__normal_iteratorIPK8ObstacleSt6vectorIS1_SaIS1_EEE4baseEv
                0x0000000008001a42       0x16 ./Core/Src/main.o
                0x0000000008001a42                __gnu_cxx::__normal_iterator<Obstacle const*, std::vector<Obstacle, std::allocator<Obstacle> > >::base() const
 .text._ZSt4moveIN9__gnu_cxx17__normal_iteratorIP8ObstacleSt6vectorIS2_SaIS2_EEEES7_ET0_T_S9_S8_
                0x0000000008001a58       0x30 ./Core/Src/main.o
                0x0000000008001a58                __gnu_cxx::__normal_iterator<Obstacle*, std::vector<Obstacle, std::allocator<Obstacle> > > std::move<__gnu_cxx::__normal_iterator<Obstacle*, std::vector<Obstacle, std::allocator<Obstacle> > >, __gnu_cxx::__normal_iterator<Obstacle*, std::vector<Obstacle, std::allocator<Obstacle> > > >(__gnu_cxx::__normal_iterator<Obstacle*, std::vector<Obstacle, std::allocator<Obstacle> > >, __gnu_cxx::__normal_iterator<Obstacle*, std::vector<Obstacle, std::allocator<Obstacle> > >, __gnu_cxx::__normal_iterator<Obstacle*, std::vector<Obstacle, std::allocator<Obstacle> > >)
 .text._ZNSt16allocator_traitsISaI8ObstacleEE7destroyIS0_EEvRS1_PT_
                0x0000000008001a88       0x1a ./Core/Src/main.o
                0x0000000008001a88                void std::allocator_traits<std::allocator<Obstacle> >::destroy<Obstacle>(std::allocator<Obstacle>&, Obstacle*)
 *fill*         0x0000000008001aa2        0x2 
 .text._ZN8ObstacleC2EOS_
                0x0000000008001aa4       0x2c ./Core/Src/main.o
                0x0000000008001aa4                Obstacle::Obstacle(Obstacle&&)
                0x0000000008001aa4                Obstacle::Obstacle(Obstacle&&)
 .text._ZN9__gnu_cxx13new_allocatorI8ObstacleE9constructIS1_JS1_EEEvPT_DpOT0_
                0x0000000008001ad0       0x30 ./Core/Src/main.o
                0x0000000008001ad0                void __gnu_cxx::new_allocator<Obstacle>::construct<Obstacle, Obstacle>(Obstacle*, Obstacle&&)
 .text._ZNKSt6vectorI8ObstacleSaIS0_EE12_M_check_lenEjPKc
                0x0000000008001b00       0x8e ./Core/Src/main.o
                0x0000000008001b00                std::vector<Obstacle, std::allocator<Obstacle> >::_M_check_len(unsigned int, char const*) const
 *fill*         0x0000000008001b8e        0x2 
 .text._ZN9__gnu_cxxmiIP8ObstacleSt6vectorIS1_SaIS1_EEEENS_17__normal_iteratorIT_T0_E15difference_typeERKS9_SC_
                0x0000000008001b90       0x34 ./Core/Src/main.o
                0x0000000008001b90                __gnu_cxx::__normal_iterator<Obstacle*, std::vector<Obstacle, std::allocator<Obstacle> > >::difference_type __gnu_cxx::operator-<Obstacle*, std::vector<Obstacle, std::allocator<Obstacle> > >(__gnu_cxx::__normal_iterator<Obstacle*, std::vector<Obstacle, std::allocator<Obstacle> > > const&, __gnu_cxx::__normal_iterator<Obstacle*, std::vector<Obstacle, std::allocator<Obstacle> > > const&)
 .text._ZNSt12_Vector_baseI8ObstacleSaIS0_EE11_M_allocateEj
                0x0000000008001bc4       0x28 ./Core/Src/main.o
                0x0000000008001bc4                std::_Vector_base<Obstacle, std::allocator<Obstacle> >::_M_allocate(unsigned int)
 .text._ZNSt6vectorI8ObstacleSaIS0_EE11_S_relocateEPS0_S3_S3_RS1_
                0x0000000008001bec       0x28 ./Core/Src/main.o
                0x0000000008001bec                std::vector<Obstacle, std::allocator<Obstacle> >::_S_relocate(Obstacle*, Obstacle*, Obstacle*, std::allocator<Obstacle>&)
 .text._ZSt34__uninitialized_move_if_noexcept_aIP8ObstacleS1_SaIS0_EET0_T_S4_S3_RT1_
                0x0000000008001c14       0x32 ./Core/Src/main.o
                0x0000000008001c14                Obstacle* std::__uninitialized_move_if_noexcept_a<Obstacle*, Obstacle*, std::allocator<Obstacle> >(Obstacle*, Obstacle*, Obstacle*, std::allocator<Obstacle>&)
 .text._ZN9__gnu_cxx13new_allocatorI8ObstacleEC2Ev
                0x0000000008001c46       0x16 ./Core/Src/main.o
                0x0000000008001c46                __gnu_cxx::new_allocator<Obstacle>::new_allocator()
                0x0000000008001c46                __gnu_cxx::new_allocator<Obstacle>::new_allocator()
 .text._ZNSt16allocator_traitsISaI8ObstacleEE10deallocateERS1_PS0_j
                0x0000000008001c5c       0x1e ./Core/Src/main.o
                0x0000000008001c5c                std::allocator_traits<std::allocator<Obstacle> >::deallocate(std::allocator<Obstacle>&, Obstacle*, unsigned int)
 .text._ZSt8_DestroyIP8ObstacleEvT_S2_
                0x0000000008001c7a       0x1a ./Core/Src/main.o
                0x0000000008001c7a                void std::_Destroy<Obstacle*>(Obstacle*, Obstacle*)
 .text._ZSt12__miter_baseIN9__gnu_cxx17__normal_iteratorIP8ObstacleSt6vectorIS2_SaIS2_EEEEET_S8_
                0x0000000008001c94       0x16 ./Core/Src/main.o
                0x0000000008001c94                __gnu_cxx::__normal_iterator<Obstacle*, std::vector<Obstacle, std::allocator<Obstacle> > > std::__miter_base<__gnu_cxx::__normal_iterator<Obstacle*, std::vector<Obstacle, std::allocator<Obstacle> > > >(__gnu_cxx::__normal_iterator<Obstacle*, std::vector<Obstacle, std::allocator<Obstacle> > >)
 .text._ZSt13__copy_move_aILb1EN9__gnu_cxx17__normal_iteratorIP8ObstacleSt6vectorIS2_SaIS2_EEEES7_ET1_T0_S9_S8_
                0x0000000008001caa       0x42 ./Core/Src/main.o
                0x0000000008001caa                __gnu_cxx::__normal_iterator<Obstacle*, std::vector<Obstacle, std::allocator<Obstacle> > > std::__copy_move_a<true, __gnu_cxx::__normal_iterator<Obstacle*, std::vector<Obstacle, std::allocator<Obstacle> > >, __gnu_cxx::__normal_iterator<Obstacle*, std::vector<Obstacle, std::allocator<Obstacle> > > >(__gnu_cxx::__normal_iterator<Obstacle*, std::vector<Obstacle, std::allocator<Obstacle> > >, __gnu_cxx::__normal_iterator<Obstacle*, std::vector<Obstacle, std::allocator<Obstacle> > >, __gnu_cxx::__normal_iterator<Obstacle*, std::vector<Obstacle, std::allocator<Obstacle> > >)
 .text._ZN9__gnu_cxx13new_allocatorI8ObstacleE7destroyIS1_EEvPT_
                0x0000000008001cec       0x1c ./Core/Src/main.o
                0x0000000008001cec                void __gnu_cxx::new_allocator<Obstacle>::destroy<Obstacle>(Obstacle*)
 .text._ZNKSt6vectorI8ObstacleSaIS0_EE8max_sizeEv
                0x0000000008001d08       0x22 ./Core/Src/main.o
                0x0000000008001d08                std::vector<Obstacle, std::allocator<Obstacle> >::max_size() const
 *fill*         0x0000000008001d2a        0x2 
 .text._ZNKSt6vectorI8ObstacleSaIS0_EE4sizeEv
                0x0000000008001d2c       0x2c ./Core/Src/main.o
                0x0000000008001d2c                std::vector<Obstacle, std::allocator<Obstacle> >::size() const
 .text._ZSt3maxIjERKT_S2_S2_
                0x0000000008001d58       0x28 ./Core/Src/main.o
                0x0000000008001d58                unsigned int const& std::max<unsigned int>(unsigned int const&, unsigned int const&)
 .text._ZNSt16allocator_traitsISaI8ObstacleEE8allocateERS1_j
                0x0000000008001d80       0x1e ./Core/Src/main.o
                0x0000000008001d80                std::allocator_traits<std::allocator<Obstacle> >::allocate(std::allocator<Obstacle>&, unsigned int)
 .text._ZNSt6vectorI8ObstacleSaIS0_EE14_S_do_relocateEPS0_S3_S3_RS1_St17integral_constantIbLb1EE
                0x0000000008001d9e       0x24 ./Core/Src/main.o
                0x0000000008001d9e                std::vector<Obstacle, std::allocator<Obstacle> >::_S_do_relocate(Obstacle*, Obstacle*, Obstacle*, std::allocator<Obstacle>&, std::integral_constant<bool, true>)
 .text._ZSt32__make_move_if_noexcept_iteratorI8ObstacleSt13move_iteratorIPS0_EET0_PT_
                0x0000000008001dc2       0x1e ./Core/Src/main.o
                0x0000000008001dc2                std::move_iterator<Obstacle*> std::__make_move_if_noexcept_iterator<Obstacle, std::move_iterator<Obstacle*> >(Obstacle*)
 .text._ZSt22__uninitialized_copy_aISt13move_iteratorIP8ObstacleES2_S1_ET0_T_S5_S4_RSaIT1_E
                0x0000000008001de0       0x22 ./Core/Src/main.o
                0x0000000008001de0                Obstacle* std::__uninitialized_copy_a<std::move_iterator<Obstacle*>, Obstacle*, Obstacle>(std::move_iterator<Obstacle*>, std::move_iterator<Obstacle*>, Obstacle*, std::allocator<Obstacle>&)
 .text._ZN9__gnu_cxx13new_allocatorI8ObstacleE10deallocateEPS1_j
                0x0000000008001e02       0x26 ./Core/Src/main.o
                0x0000000008001e02                __gnu_cxx::new_allocator<Obstacle>::deallocate(Obstacle*, unsigned int)
 .text._ZNSt12_Destroy_auxILb0EE9__destroyIP8ObstacleEEvT_S4_
                0x0000000008001e28       0x32 ./Core/Src/main.o
                0x0000000008001e28                void std::_Destroy_aux<false>::__destroy<Obstacle*>(Obstacle*, Obstacle*)
 .text._ZSt12__niter_baseIP8ObstacleSt6vectorIS0_SaIS0_EEET_N9__gnu_cxx17__normal_iteratorIS5_T0_EE
                0x0000000008001e5a       0x1c ./Core/Src/main.o
                0x0000000008001e5a                Obstacle* std::__niter_base<Obstacle*, std::vector<Obstacle, std::allocator<Obstacle> > >(__gnu_cxx::__normal_iterator<Obstacle*, std::vector<Obstacle, std::allocator<Obstacle> > >)
 .text._ZSt14__copy_move_a1ILb1EP8ObstacleS1_ET1_T0_S3_S2_
                0x0000000008001e76       0x20 ./Core/Src/main.o
                0x0000000008001e76                Obstacle* std::__copy_move_a1<true, Obstacle*, Obstacle*>(Obstacle*, Obstacle*, Obstacle*)
 *fill*         0x0000000008001e96        0x2 
 .text._ZSt12__niter_wrapIN9__gnu_cxx17__normal_iteratorIP8ObstacleSt6vectorIS2_SaIS2_EEEES3_ET_S8_T0_
                0x0000000008001e98       0x38 ./Core/Src/main.o
                0x0000000008001e98                __gnu_cxx::__normal_iterator<Obstacle*, std::vector<Obstacle, std::allocator<Obstacle> > > std::__niter_wrap<__gnu_cxx::__normal_iterator<Obstacle*, std::vector<Obstacle, std::allocator<Obstacle> > >, Obstacle*>(__gnu_cxx::__normal_iterator<Obstacle*, std::vector<Obstacle, std::allocator<Obstacle> > >, Obstacle*)
 .text._ZNSt6vectorI8ObstacleSaIS0_EE11_S_max_sizeERKS1_
                0x0000000008001ed0       0x38 ./Core/Src/main.o
                0x0000000008001ed0                std::vector<Obstacle, std::allocator<Obstacle> >::_S_max_size(std::allocator<Obstacle> const&)
 .text._ZNKSt12_Vector_baseI8ObstacleSaIS0_EE19_M_get_Tp_allocatorEv
                0x0000000008001f08       0x16 ./Core/Src/main.o
                0x0000000008001f08                std::_Vector_base<Obstacle, std::allocator<Obstacle> >::_M_get_Tp_allocator() const
 *fill*         0x0000000008001f1e        0x2 
 .text._ZNK9__gnu_cxx13new_allocatorI8ObstacleE11_M_max_sizeEv
                0x0000000008001f20       0x1c ./Core/Src/main.o
                0x0000000008001f20                __gnu_cxx::new_allocator<Obstacle>::_M_max_size() const
 .text._ZN9__gnu_cxx13new_allocatorI8ObstacleE8allocateEjPKv
                0x0000000008001f3c       0x5c ./Core/Src/main.o
                0x0000000008001f3c                __gnu_cxx::new_allocator<Obstacle>::allocate(unsigned int, void const*)
 .text._ZSt12__relocate_aIP8ObstacleS1_SaIS0_EET0_T_S4_S3_RT1_
                0x0000000008001f98       0x3a ./Core/Src/main.o
                0x0000000008001f98                Obstacle* std::__relocate_a<Obstacle*, Obstacle*, std::allocator<Obstacle> >(Obstacle*, Obstacle*, Obstacle*, std::allocator<Obstacle>&)
 .text._ZNSt13move_iteratorIP8ObstacleEC2ES1_
                0x0000000008001fd2       0x24 ./Core/Src/main.o
                0x0000000008001fd2                std::move_iterator<Obstacle*>::move_iterator(Obstacle*)
                0x0000000008001fd2                std::move_iterator<Obstacle*>::move_iterator(Obstacle*)
 .text._ZSt18uninitialized_copyISt13move_iteratorIP8ObstacleES2_ET0_T_S5_S4_
                0x0000000008001ff6       0x24 ./Core/Src/main.o
                0x0000000008001ff6                Obstacle* std::uninitialized_copy<std::move_iterator<Obstacle*>, Obstacle*>(std::move_iterator<Obstacle*>, std::move_iterator<Obstacle*>, Obstacle*)
 .text._ZSt11__addressofI8ObstacleEPT_RS1_
                0x000000000800201a       0x16 ./Core/Src/main.o
                0x000000000800201a                Obstacle* std::__addressof<Obstacle>(Obstacle&)
 .text._ZSt8_DestroyI8ObstacleEvPT_
                0x0000000008002030       0x1a ./Core/Src/main.o
                0x0000000008002030                void std::_Destroy<Obstacle>(Obstacle*)
 .text._ZSt14__copy_move_a2ILb1EP8ObstacleS1_ET1_T0_S3_S2_
                0x000000000800204a       0x20 ./Core/Src/main.o
                0x000000000800204a                Obstacle* std::__copy_move_a2<true, Obstacle*, Obstacle*>(Obstacle*, Obstacle*, Obstacle*)
 .text._ZNSt16allocator_traitsISaI8ObstacleEE8max_sizeERKS1_
                0x000000000800206a       0x18 ./Core/Src/main.o
                0x000000000800206a                std::allocator_traits<std::allocator<Obstacle> >::max_size(std::allocator<Obstacle> const&)
 .text._ZSt3minIjERKT_S2_S2_
                0x0000000008002082       0x28 ./Core/Src/main.o
                0x0000000008002082                unsigned int const& std::min<unsigned int>(unsigned int const&, unsigned int const&)
 .text._ZSt12__niter_baseIP8ObstacleET_S2_
                0x00000000080020aa       0x16 ./Core/Src/main.o
                0x00000000080020aa                Obstacle* std::__niter_base<Obstacle*>(Obstacle*)
 .text._ZSt14__relocate_a_1IP8ObstacleS1_SaIS0_EET0_T_S4_S3_RT1_
                0x00000000080020c0       0x4c ./Core/Src/main.o
                0x00000000080020c0                Obstacle* std::__relocate_a_1<Obstacle*, Obstacle*, std::allocator<Obstacle> >(Obstacle*, Obstacle*, Obstacle*, std::allocator<Obstacle>&)
 .text._ZSt4moveIRP8ObstacleEONSt16remove_referenceIT_E4typeEOS4_
                0x000000000800210c       0x16 ./Core/Src/main.o
                0x000000000800210c                std::remove_reference<Obstacle*&>::type&& std::move<Obstacle*&>(Obstacle*&)
 .text._ZNSt20__uninitialized_copyILb0EE13__uninit_copyISt13move_iteratorIP8ObstacleES4_EET0_T_S7_S6_
                0x0000000008002122       0x5e ./Core/Src/main.o
                0x0000000008002122                Obstacle* std::__uninitialized_copy<false>::__uninit_copy<std::move_iterator<Obstacle*>, Obstacle*>(std::move_iterator<Obstacle*>, std::move_iterator<Obstacle*>, Obstacle*)
 .text._ZN10GameObjectaSERKS_
                0x0000000008002180       0x30 ./Core/Src/main.o
                0x0000000008002180                GameObject::operator=(GameObject const&)
 .text._ZN8ObstacleaSEOS_
                0x00000000080021b0       0x20 ./Core/Src/main.o
                0x00000000080021b0                Obstacle::operator=(Obstacle&&)
 .text._ZNSt11__copy_moveILb1ELb0ESt26random_access_iterator_tagE8__copy_mIP8ObstacleS4_EET0_T_S6_S5_
                0x00000000080021d0       0x54 ./Core/Src/main.o
                0x00000000080021d0                Obstacle* std::__copy_move<true, false, std::random_access_iterator_tag>::__copy_m<Obstacle*, Obstacle*>(Obstacle*, Obstacle*, Obstacle*)
 .text._ZNK9__gnu_cxx13new_allocatorI8ObstacleE8max_sizeEv
                0x0000000008002224       0x18 ./Core/Src/main.o
                0x0000000008002224                __gnu_cxx::new_allocator<Obstacle>::max_size() const
 .text._ZSt19__relocate_object_aI8ObstacleS0_SaIS0_EEvPT_PT0_RT1_
                0x000000000800223c       0x36 ./Core/Src/main.o
                0x000000000800223c                void std::__relocate_object_a<Obstacle, Obstacle, std::allocator<Obstacle> >(Obstacle*, Obstacle*, std::allocator<Obstacle>&)
 .text._ZStneIP8ObstacleEbRKSt13move_iteratorIT_ES6_
                0x0000000008002272       0x22 ./Core/Src/main.o
                0x0000000008002272                bool std::operator!=<Obstacle*>(std::move_iterator<Obstacle*> const&, std::move_iterator<Obstacle*> const&)
 .text._ZNSt13move_iteratorIP8ObstacleEppEv
                0x0000000008002294       0x22 ./Core/Src/main.o
                0x0000000008002294                std::move_iterator<Obstacle*>::operator++()
 .text._ZNKSt13move_iteratorIP8ObstacleEdeEv
                0x00000000080022b6       0x18 ./Core/Src/main.o
                0x00000000080022b6                std::move_iterator<Obstacle*>::operator*() const
 .text._ZSt10_ConstructI8ObstacleJS0_EEvPT_DpOT0_
                0x00000000080022ce       0x2e ./Core/Src/main.o
                0x00000000080022ce                void std::_Construct<Obstacle, Obstacle>(Obstacle*, Obstacle&&)
 .text._ZSt4moveIR8ObstacleEONSt16remove_referenceIT_E4typeEOS3_
                0x00000000080022fc       0x16 ./Core/Src/main.o
                0x00000000080022fc                std::remove_reference<Obstacle&>::type&& std::move<Obstacle&>(Obstacle&)
 .text._ZSteqIP8ObstacleEbRKSt13move_iteratorIT_ES6_
                0x0000000008002312       0x2c ./Core/Src/main.o
                0x0000000008002312                bool std::operator==<Obstacle*>(std::move_iterator<Obstacle*> const&, std::move_iterator<Obstacle*> const&)
 .text._ZNKSt13move_iteratorIP8ObstacleE4baseEv
                0x000000000800233e       0x18 ./Core/Src/main.o
                0x000000000800233e                std::move_iterator<Obstacle*>::base() const
 *fill*         0x0000000008002356        0x2 
 .text._ZN4DinoD2Ev
                0x0000000008002358       0x24 ./Core/Src/main.o
                0x0000000008002358                Dino::~Dino()
                0x0000000008002358                Dino::~Dino()
 .text._ZN4DinoD0Ev
                0x000000000800237c       0x20 ./Core/Src/main.o
                0x000000000800237c                Dino::~Dino()
 .text._ZN5ScoreD2Ev
                0x000000000800239c       0x24 ./Core/Src/main.o
                0x000000000800239c                Score::~Score()
                0x000000000800239c                Score::~Score()
 .text._ZN5ScoreD0Ev
                0x00000000080023c0       0x20 ./Core/Src/main.o
                0x00000000080023c0                Score::~Score()
 .text._ZN8ObstacleD2Ev
                0x00000000080023e0       0x24 ./Core/Src/main.o
                0x00000000080023e0                Obstacle::~Obstacle()
                0x00000000080023e0                Obstacle::~Obstacle()
 .text._ZN8ObstacleD0Ev
                0x0000000008002404       0x20 ./Core/Src/main.o
                0x0000000008002404                Obstacle::~Obstacle()
 .text.HAL_MspInit
                0x0000000008002424       0x48 ./Core/Src/stm32l4xx_hal_msp.o
                0x0000000008002424                HAL_MspInit
 .text.NMI_Handler
                0x000000000800246c        0x6 ./Core/Src/stm32l4xx_it.o
                0x000000000800246c                NMI_Handler
 .text.HardFault_Handler
                0x0000000008002472        0x6 ./Core/Src/stm32l4xx_it.o
                0x0000000008002472                HardFault_Handler
 .text.MemManage_Handler
                0x0000000008002478        0x6 ./Core/Src/stm32l4xx_it.o
                0x0000000008002478                MemManage_Handler
 .text.BusFault_Handler
                0x000000000800247e        0x6 ./Core/Src/stm32l4xx_it.o
                0x000000000800247e                BusFault_Handler
 .text.UsageFault_Handler
                0x0000000008002484        0x6 ./Core/Src/stm32l4xx_it.o
                0x0000000008002484                UsageFault_Handler
 .text.SVC_Handler
                0x000000000800248a        0xe ./Core/Src/stm32l4xx_it.o
                0x000000000800248a                SVC_Handler
 .text.DebugMon_Handler
                0x0000000008002498        0xe ./Core/Src/stm32l4xx_it.o
                0x0000000008002498                DebugMon_Handler
 .text.PendSV_Handler
                0x00000000080024a6        0xe ./Core/Src/stm32l4xx_it.o
                0x00000000080024a6                PendSV_Handler
 .text.SysTick_Handler
                0x00000000080024b4        0xc ./Core/Src/stm32l4xx_it.o
                0x00000000080024b4                SysTick_Handler
 .text._getpid  0x00000000080024c0       0x10 ./Core/Src/syscalls.o
                0x00000000080024c0                _getpid
 .text._kill    0x00000000080024d0       0x20 ./Core/Src/syscalls.o
                0x00000000080024d0                _kill
 .text._exit    0x00000000080024f0       0x14 ./Core/Src/syscalls.o
                0x00000000080024f0                _exit
 .text._read    0x0000000008002504       0x3a ./Core/Src/syscalls.o
                0x0000000008002504                _read
 .text._write   0x000000000800253e       0x38 ./Core/Src/syscalls.o
                0x000000000800253e                _write
 .text._close   0x0000000008002576       0x18 ./Core/Src/syscalls.o
                0x0000000008002576                _close
 .text._fstat   0x000000000800258e       0x20 ./Core/Src/syscalls.o
                0x000000000800258e                _fstat
 .text._isatty  0x00000000080025ae       0x16 ./Core/Src/syscalls.o
                0x00000000080025ae                _isatty
 .text._lseek   0x00000000080025c4       0x1a ./Core/Src/syscalls.o
                0x00000000080025c4                _lseek
 *fill*         0x00000000080025de        0x2 
 .text._sbrk    0x00000000080025e0       0x6c ./Core/Src/sysmem.o
                0x00000000080025e0                _sbrk
 .text.SystemInit
                0x000000000800264c       0x24 ./Core/Src/system_stm32l4xx.o
                0x000000000800264c                SystemInit
 .text.Reset_Handler
                0x0000000008002670       0x50 ./Core/Startup/startup_stm32l476rgtx.o
                0x0000000008002670                Reset_Handler
 .text.Default_Handler
                0x00000000080026c0        0x2 ./Core/Startup/startup_stm32l476rgtx.o
                0x00000000080026c0                RTC_Alarm_IRQHandler
                0x00000000080026c0                EXTI2_IRQHandler
                0x00000000080026c0                TIM8_TRG_COM_IRQHandler
                0x00000000080026c0                TIM8_CC_IRQHandler
                0x00000000080026c0                TIM1_CC_IRQHandler
                0x00000000080026c0                TSC_IRQHandler
                0x00000000080026c0                TAMP_STAMP_IRQHandler
                0x00000000080026c0                EXTI3_IRQHandler
                0x00000000080026c0                LPTIM2_IRQHandler
                0x00000000080026c0                DFSDM1_FLT1_IRQHandler
                0x00000000080026c0                I2C3_ER_IRQHandler
                0x00000000080026c0                DFSDM1_FLT2_IRQHandler
                0x00000000080026c0                EXTI0_IRQHandler
                0x00000000080026c0                I2C2_EV_IRQHandler
                0x00000000080026c0                CAN1_RX0_IRQHandler
                0x00000000080026c0                FPU_IRQHandler
                0x00000000080026c0                TIM1_UP_TIM16_IRQHandler
                0x00000000080026c0                ADC1_2_IRQHandler
                0x00000000080026c0                SPI1_IRQHandler
                0x00000000080026c0                TIM6_DAC_IRQHandler
                0x00000000080026c0                TIM8_UP_IRQHandler
                0x00000000080026c0                DMA2_Channel2_IRQHandler
                0x00000000080026c0                DMA1_Channel4_IRQHandler
                0x00000000080026c0                SAI2_IRQHandler
                0x00000000080026c0                DFSDM1_FLT3_IRQHandler
                0x00000000080026c0                USART3_IRQHandler
                0x00000000080026c0                DMA1_Channel7_IRQHandler
                0x00000000080026c0                CAN1_RX1_IRQHandler
                0x00000000080026c0                LCD_IRQHandler
                0x00000000080026c0                UART5_IRQHandler
                0x00000000080026c0                ADC3_IRQHandler
                0x00000000080026c0                TIM4_IRQHandler
                0x00000000080026c0                DMA2_Channel1_IRQHandler
                0x00000000080026c0                QUADSPI_IRQHandler
                0x00000000080026c0                I2C1_EV_IRQHandler
                0x00000000080026c0                DMA1_Channel6_IRQHandler
                0x00000000080026c0                UART4_IRQHandler
                0x00000000080026c0                DMA2_Channel4_IRQHandler
                0x00000000080026c0                TIM3_IRQHandler
                0x00000000080026c0                RCC_IRQHandler
                0x00000000080026c0                DMA1_Channel1_IRQHandler
                0x00000000080026c0                Default_Handler
                0x00000000080026c0                DMA2_Channel7_IRQHandler
                0x00000000080026c0                EXTI15_10_IRQHandler
                0x00000000080026c0                TIM7_IRQHandler
                0x00000000080026c0                SDMMC1_IRQHandler
                0x00000000080026c0                TIM5_IRQHandler
                0x00000000080026c0                I2C3_EV_IRQHandler
                0x00000000080026c0                EXTI9_5_IRQHandler
                0x00000000080026c0                RTC_WKUP_IRQHandler
                0x00000000080026c0                PVD_PVM_IRQHandler
                0x00000000080026c0                SPI2_IRQHandler
                0x00000000080026c0                CAN1_TX_IRQHandler
                0x00000000080026c0                DMA2_Channel5_IRQHandler
                0x00000000080026c0                DMA1_Channel5_IRQHandler
                0x00000000080026c0                EXTI4_IRQHandler
                0x00000000080026c0                RNG_IRQHandler
                0x00000000080026c0                TIM1_TRG_COM_TIM17_IRQHandler
                0x00000000080026c0                DMA1_Channel3_IRQHandler
                0x00000000080026c0                COMP_IRQHandler
                0x00000000080026c0                WWDG_IRQHandler
                0x00000000080026c0                LPUART1_IRQHandler
                0x00000000080026c0                DMA2_Channel6_IRQHandler
                0x00000000080026c0                TIM2_IRQHandler
                0x00000000080026c0                EXTI1_IRQHandler
                0x00000000080026c0                USART2_IRQHandler
                0x00000000080026c0                DFSDM1_FLT0_IRQHandler
                0x00000000080026c0                I2C2_ER_IRQHandler
                0x00000000080026c0                DMA1_Channel2_IRQHandler
                0x00000000080026c0                TIM8_BRK_IRQHandler
                0x00000000080026c0                CAN1_SCE_IRQHandler
                0x00000000080026c0                FLASH_IRQHandler
                0x00000000080026c0                USART1_IRQHandler
                0x00000000080026c0                OTG_FS_IRQHandler
                0x00000000080026c0                SPI3_IRQHandler
                0x00000000080026c0                I2C1_ER_IRQHandler
                0x00000000080026c0                FMC_IRQHandler
                0x00000000080026c0                SWPMI1_IRQHandler
                0x00000000080026c0                LPTIM1_IRQHandler
                0x00000000080026c0                SAI1_IRQHandler
                0x00000000080026c0                DMA2_Channel3_IRQHandler
                0x00000000080026c0                TIM1_BRK_TIM15_IRQHandler
 .text.HAL_Init
                0x00000000080026c2       0x30 ./Drivers/STM32L4xx_HAL_Driver/Src/stm32l4xx_hal.o
                0x00000000080026c2                HAL_Init
 *fill*         0x00000000080026f2        0x2 
 .text.HAL_InitTick
                0x00000000080026f4       0x78 ./Drivers/STM32L4xx_HAL_Driver/Src/stm32l4xx_hal.o
                0x00000000080026f4                HAL_InitTick
 .text.HAL_IncTick
                0x000000000800276c       0x28 ./Drivers/STM32L4xx_HAL_Driver/Src/stm32l4xx_hal.o
                0x000000000800276c                HAL_IncTick
 .text.HAL_GetTick
                0x0000000008002794       0x18 ./Drivers/STM32L4xx_HAL_Driver/Src/stm32l4xx_hal.o
                0x0000000008002794                HAL_GetTick
 .text.HAL_Delay
                0x00000000080027ac       0x48 ./Drivers/STM32L4xx_HAL_Driver/Src/stm32l4xx_hal.o
                0x00000000080027ac                HAL_Delay
 .text.__NVIC_SetPriorityGrouping
                0x00000000080027f4       0x48 ./Drivers/STM32L4xx_HAL_Driver/Src/stm32l4xx_hal_cortex.o
 .text.__NVIC_GetPriorityGrouping
                0x000000000800283c       0x1c ./Drivers/STM32L4xx_HAL_Driver/Src/stm32l4xx_hal_cortex.o
 .text.__NVIC_SetPriority
                0x0000000008002858       0x54 ./Drivers/STM32L4xx_HAL_Driver/Src/stm32l4xx_hal_cortex.o
 .text.NVIC_EncodePriority
                0x00000000080028ac       0x66 ./Drivers/STM32L4xx_HAL_Driver/Src/stm32l4xx_hal_cortex.o
 *fill*         0x0000000008002912        0x2 
 .text.SysTick_Config
                0x0000000008002914       0x44 ./Drivers/STM32L4xx_HAL_Driver/Src/stm32l4xx_hal_cortex.o
 .text.HAL_NVIC_SetPriorityGrouping
                0x0000000008002958       0x16 ./Drivers/STM32L4xx_HAL_Driver/Src/stm32l4xx_hal_cortex.o
                0x0000000008002958                HAL_NVIC_SetPriorityGrouping
 .text.HAL_NVIC_SetPriority
                0x000000000800296e       0x38 ./Drivers/STM32L4xx_HAL_Driver/Src/stm32l4xx_hal_cortex.o
                0x000000000800296e                HAL_NVIC_SetPriority
 .text.HAL_SYSTICK_Config
                0x00000000080029a6       0x18 ./Drivers/STM32L4xx_HAL_Driver/Src/stm32l4xx_hal_cortex.o
                0x00000000080029a6                HAL_SYSTICK_Config
 *fill*         0x00000000080029be        0x2 
 .text.HAL_GPIO_Init
                0x00000000080029c0      0x354 ./Drivers/STM32L4xx_HAL_Driver/Src/stm32l4xx_hal_gpio.o
                0x00000000080029c0                HAL_GPIO_Init
 .text.HAL_GPIO_ReadPin
                0x0000000008002d14       0x30 ./Drivers/STM32L4xx_HAL_Driver/Src/stm32l4xx_hal_gpio.o
                0x0000000008002d14                HAL_GPIO_ReadPin
 .text.HAL_GPIO_WritePin
                0x0000000008002d44       0x30 ./Drivers/STM32L4xx_HAL_Driver/Src/stm32l4xx_hal_gpio.o
                0x0000000008002d44                HAL_GPIO_WritePin
 .text.HAL_PWREx_GetVoltageRange
                0x0000000008002d74       0x1c ./Drivers/STM32L4xx_HAL_Driver/Src/stm32l4xx_hal_pwr_ex.o
                0x0000000008002d74                HAL_PWREx_GetVoltageRange
 .text.HAL_PWREx_ControlVoltageScaling
                0x0000000008002d90       0xac ./Drivers/STM32L4xx_HAL_Driver/Src/stm32l4xx_hal_pwr_ex.o
                0x0000000008002d90                HAL_PWREx_ControlVoltageScaling
 .text.HAL_RCC_OscConfig
                0x0000000008002e3c      0x7b8 ./Drivers/STM32L4xx_HAL_Driver/Src/stm32l4xx_hal_rcc.o
                0x0000000008002e3c                HAL_RCC_OscConfig
 .text.HAL_RCC_ClockConfig
                0x00000000080035f4      0x200 ./Drivers/STM32L4xx_HAL_Driver/Src/stm32l4xx_hal_rcc.o
                0x00000000080035f4                HAL_RCC_ClockConfig
 .text.HAL_RCC_GetSysClockFreq
                0x00000000080037f4      0x118 ./Drivers/STM32L4xx_HAL_Driver/Src/stm32l4xx_hal_rcc.o
                0x00000000080037f4                HAL_RCC_GetSysClockFreq
 .text.RCC_SetFlashLatencyFromMSIRange
                0x000000000800390c       0xc0 ./Drivers/STM32L4xx_HAL_Driver/Src/stm32l4xx_hal_rcc.o
 .text._ZdlPvj  0x00000000080039cc        0x4 /opt/stm32cubeide/plugins/com.st.stm32cube.ide.mcu.externaltools.gnu-tools-for-stm32.11.3.rel1.linux64_1.1.1.202309131626/tools/bin/../lib/gcc/arm-none-eabi/11.3.1/../../../../arm-none-eabi/lib/thumb/v7e-m+fp/hard/libstdc++_nano.a(del_ops.o)
                0x00000000080039cc                operator delete(void*, unsigned int)
 .text._Znwj    0x00000000080039d0       0x22 /opt/stm32cubeide/plugins/com.st.stm32cube.ide.mcu.externaltools.gnu-tools-for-stm32.11.3.rel1.linux64_1.1.1.202309131626/tools/bin/../lib/gcc/arm-none-eabi/11.3.1/../../../../arm-none-eabi/lib/thumb/v7e-m+fp/hard/libstdc++_nano.a(new_op.o)
                0x00000000080039d0                operator new(unsigned int)
 .text.unlikely._ZSt17__throw_bad_allocv
                0x00000000080039f2        0x6 /opt/stm32cubeide/plugins/com.st.stm32cube.ide.mcu.externaltools.gnu-tools-for-stm32.11.3.rel1.linux64_1.1.1.202309131626/tools/bin/../lib/gcc/arm-none-eabi/11.3.1/../../../../arm-none-eabi/lib/thumb/v7e-m+fp/hard/libstdc++_nano.a(functexcept.o)
                0x00000000080039f2                std::__throw_bad_alloc()
 .text.unlikely._ZSt28__throw_bad_array_new_lengthv
                0x00000000080039f8        0x6 /opt/stm32cubeide/plugins/com.st.stm32cube.ide.mcu.externaltools.gnu-tools-for-stm32.11.3.rel1.linux64_1.1.1.202309131626/tools/bin/../lib/gcc/arm-none-eabi/11.3.1/../../../../arm-none-eabi/lib/thumb/v7e-m+fp/hard/libstdc++_nano.a(functexcept.o)
                0x00000000080039f8                std::__throw_bad_array_new_length()
 .text.unlikely._ZSt20__throw_length_errorPKc
                0x00000000080039fe        0x6 /opt/stm32cubeide/plugins/com.st.stm32cube.ide.mcu.externaltools.gnu-tools-for-stm32.11.3.rel1.linux64_1.1.1.202309131626/tools/bin/../lib/gcc/arm-none-eabi/11.3.1/../../../../arm-none-eabi/lib/thumb/v7e-m+fp/hard/libstdc++_nano.a(functexcept.o)
                0x00000000080039fe                std::__throw_length_error(char const*)
 .text._ZdlPv   0x0000000008003a04        0x4 /opt/stm32cubeide/plugins/com.st.stm32cube.ide.mcu.externaltools.gnu-tools-for-stm32.11.3.rel1.linux64_1.1.1.202309131626/tools/bin/../lib/gcc/arm-none-eabi/11.3.1/../../../../arm-none-eabi/lib/thumb/v7e-m+fp/hard/libstdc++_nano.a(del_op.o)
                0x0000000008003a04                operator delete(void*)
 .text._ZSt15get_new_handlerv
                0x0000000008003a08       0x10 /opt/stm32cubeide/plugins/com.st.stm32cube.ide.mcu.externaltools.gnu-tools-for-stm32.11.3.rel1.linux64_1.1.1.202309131626/tools/bin/../lib/gcc/arm-none-eabi/11.3.1/../../../../arm-none-eabi/lib/thumb/v7e-m+fp/hard/libstdc++_nano.a(new_handler.o)
                0x0000000008003a08                std::get_new_handler()
 .text.abort    0x0000000008003a18        0xe /opt/stm32cubeide/plugins/com.st.stm32cube.ide.mcu.externaltools.gnu-tools-for-stm32.11.3.rel1.linux64_1.1.1.202309131626/tools/bin/../lib/gcc/arm-none-eabi/11.3.1/../../../../arm-none-eabi/lib/thumb/v7e-m+fp/hard/libc_nano.a(libc_a-abort.o)
                0x0000000008003a18                abort
 *fill*         0x0000000008003a26        0x2 
 .text.malloc   0x0000000008003a28       0x10 /opt/stm32cubeide/plugins/com.st.stm32cube.ide.mcu.externaltools.gnu-tools-for-stm32.11.3.rel1.linux64_1.1.1.202309131626/tools/bin/../lib/gcc/arm-none-eabi/11.3.1/../../../../arm-none-eabi/lib/thumb/v7e-m+fp/hard/libc_nano.a(libc_a-malloc.o)
                0x0000000008003a28                malloc
 .text.free     0x0000000008003a38       0x10 /opt/stm32cubeide/plugins/com.st.stm32cube.ide.mcu.externaltools.gnu-tools-for-stm32.11.3.rel1.linux64_1.1.1.202309131626/tools/bin/../lib/gcc/arm-none-eabi/11.3.1/../../../../arm-none-eabi/lib/thumb/v7e-m+fp/hard/libc_nano.a(libc_a-malloc.o)
                0x0000000008003a38                free
 .text.sbrk_aligned
                0x0000000008003a48       0x40 /opt/stm32cubeide/plugins/com.st.stm32cube.ide.mcu.externaltools.gnu-tools-for-stm32.11.3.rel1.linux64_1.1.1.202309131626/tools/bin/../lib/gcc/arm-none-eabi/11.3.1/../../../../arm-none-eabi/lib/thumb/v7e-m+fp/hard/libc_nano.a(libc_a-mallocr.o)
 .text._malloc_r
                0x0000000008003a88      0x100 /opt/stm32cubeide/plugins/com.st.stm32cube.ide.mcu.externaltools.gnu-tools-for-stm32.11.3.rel1.linux64_1.1.1.202309131626/tools/bin/../lib/gcc/arm-none-eabi/11.3.1/../../../../arm-none-eabi/lib/thumb/v7e-m+fp/hard/libc_nano.a(libc_a-mallocr.o)
                0x0000000008003a88                _malloc_r
 .text.__malloc_lock
                0x0000000008003b88        0xc /opt/stm32cubeide/plugins/com.st.stm32cube.ide.mcu.externaltools.gnu-tools-for-stm32.11.3.rel1.linux64_1.1.1.202309131626/tools/bin/../lib/gcc/arm-none-eabi/11.3.1/../../../../arm-none-eabi/lib/thumb/v7e-m+fp/hard/libc_nano.a(libc_a-mlock.o)
                0x0000000008003b88                __malloc_lock
 .text.__malloc_unlock
                0x0000000008003b94        0xc /opt/stm32cubeide/plugins/com.st.stm32cube.ide.mcu.externaltools.gnu-tools-for-stm32.11.3.rel1.linux64_1.1.1.202309131626/tools/bin/../lib/gcc/arm-none-eabi/11.3.1/../../../../arm-none-eabi/lib/thumb/v7e-m+fp/hard/libc_nano.a(libc_a-mlock.o)
                0x0000000008003b94                __malloc_unlock
 .text.srand    0x0000000008003ba0       0x5c /opt/stm32cubeide/plugins/com.st.stm32cube.ide.mcu.externaltools.gnu-tools-for-stm32.11.3.rel1.linux64_1.1.1.202309131626/tools/bin/../lib/gcc/arm-none-eabi/11.3.1/../../../../arm-none-eabi/lib/thumb/v7e-m+fp/hard/libc_nano.a(libc_a-rand.o)
                0x0000000008003ba0                srand
 .text.rand     0x0000000008003bfc       0x7c /opt/stm32cubeide/plugins/com.st.stm32cube.ide.mcu.externaltools.gnu-tools-for-stm32.11.3.rel1.linux64_1.1.1.202309131626/tools/bin/../lib/gcc/arm-none-eabi/11.3.1/../../../../arm-none-eabi/lib/thumb/v7e-m+fp/hard/libc_nano.a(libc_a-rand.o)
                0x0000000008003bfc                rand
 .text.std      0x0000000008003c78       0x6c /opt/stm32cubeide/plugins/com.st.stm32cube.ide.mcu.externaltools.gnu-tools-for-stm32.11.3.rel1.linux64_1.1.1.202309131626/tools/bin/../lib/gcc/arm-none-eabi/11.3.1/../../../../arm-none-eabi/lib/thumb/v7e-m+fp/hard/libc_nano.a(libc_a-findfp.o)
 .text.stdio_exit_handler
                0x0000000008003ce4       0x18 /opt/stm32cubeide/plugins/com.st.stm32cube.ide.mcu.externaltools.gnu-tools-for-stm32.11.3.rel1.linux64_1.1.1.202309131626/tools/bin/../lib/gcc/arm-none-eabi/11.3.1/../../../../arm-none-eabi/lib/thumb/v7e-m+fp/hard/libc_nano.a(libc_a-findfp.o)
 .text.cleanup_stdio
                0x0000000008003cfc       0x40 /opt/stm32cubeide/plugins/com.st.stm32cube.ide.mcu.externaltools.gnu-tools-for-stm32.11.3.rel1.linux64_1.1.1.202309131626/tools/bin/../lib/gcc/arm-none-eabi/11.3.1/../../../../arm-none-eabi/lib/thumb/v7e-m+fp/hard/libc_nano.a(libc_a-findfp.o)
 .text.global_stdio_init.part.0
                0x0000000008003d3c       0x3c /opt/stm32cubeide/plugins/com.st.stm32cube.ide.mcu.externaltools.gnu-tools-for-stm32.11.3.rel1.linux64_1.1.1.202309131626/tools/bin/../lib/gcc/arm-none-eabi/11.3.1/../../../../arm-none-eabi/lib/thumb/v7e-m+fp/hard/libc_nano.a(libc_a-findfp.o)
 .text.__sfp_lock_acquire
                0x0000000008003d78        0xc /opt/stm32cubeide/plugins/com.st.stm32cube.ide.mcu.externaltools.gnu-tools-for-stm32.11.3.rel1.linux64_1.1.1.202309131626/tools/bin/../lib/gcc/arm-none-eabi/11.3.1/../../../../arm-none-eabi/lib/thumb/v7e-m+fp/hard/libc_nano.a(libc_a-findfp.o)
                0x0000000008003d78                __sfp_lock_acquire
 .text.__sfp_lock_release
                0x0000000008003d84        0xc /opt/stm32cubeide/plugins/com.st.stm32cube.ide.mcu.externaltools.gnu-tools-for-stm32.11.3.rel1.linux64_1.1.1.202309131626/tools/bin/../lib/gcc/arm-none-eabi/11.3.1/../../../../arm-none-eabi/lib/thumb/v7e-m+fp/hard/libc_nano.a(libc_a-findfp.o)
                0x0000000008003d84                __sfp_lock_release
 .text.__sinit  0x0000000008003d90       0x30 /opt/stm32cubeide/plugins/com.st.stm32cube.ide.mcu.externaltools.gnu-tools-for-stm32.11.3.rel1.linux64_1.1.1.202309131626/tools/bin/../lib/gcc/arm-none-eabi/11.3.1/../../../../arm-none-eabi/lib/thumb/v7e-m+fp/hard/libc_nano.a(libc_a-findfp.o)
                0x0000000008003d90                __sinit
 .text._fwalk_sglue
                0x0000000008003dc0       0x3c /opt/stm32cubeide/plugins/com.st.stm32cube.ide.mcu.externaltools.gnu-tools-for-stm32.11.3.rel1.linux64_1.1.1.202309131626/tools/bin/../lib/gcc/arm-none-eabi/11.3.1/../../../../arm-none-eabi/lib/thumb/v7e-m+fp/hard/libc_nano.a(libc_a-fwalk.o)
                0x0000000008003dc0                _fwalk_sglue
 .text.sprintf  0x0000000008003dfc       0x40 /opt/stm32cubeide/plugins/com.st.stm32cube.ide.mcu.externaltools.gnu-tools-for-stm32.11.3.rel1.linux64_1.1.1.202309131626/tools/bin/../lib/gcc/arm-none-eabi/11.3.1/../../../../arm-none-eabi/lib/thumb/v7e-m+fp/hard/libc_nano.a(libc_a-sprintf.o)
                0x0000000008003dfc                sprintf
                0x0000000008003dfc                siprintf
 .text.__sread  0x0000000008003e3c       0x22 /opt/stm32cubeide/plugins/com.st.stm32cube.ide.mcu.externaltools.gnu-tools-for-stm32.11.3.rel1.linux64_1.1.1.202309131626/tools/bin/../lib/gcc/arm-none-eabi/11.3.1/../../../../arm-none-eabi/lib/thumb/v7e-m+fp/hard/libc_nano.a(libc_a-stdio.o)
                0x0000000008003e3c                __sread
 .text.__swrite
                0x0000000008003e5e       0x38 /opt/stm32cubeide/plugins/com.st.stm32cube.ide.mcu.externaltools.gnu-tools-for-stm32.11.3.rel1.linux64_1.1.1.202309131626/tools/bin/../lib/gcc/arm-none-eabi/11.3.1/../../../../arm-none-eabi/lib/thumb/v7e-m+fp/hard/libc_nano.a(libc_a-stdio.o)
                0x0000000008003e5e                __swrite
 .text.__sseek  0x0000000008003e96       0x24 /opt/stm32cubeide/plugins/com.st.stm32cube.ide.mcu.externaltools.gnu-tools-for-stm32.11.3.rel1.linux64_1.1.1.202309131626/tools/bin/../lib/gcc/arm-none-eabi/11.3.1/../../../../arm-none-eabi/lib/thumb/v7e-m+fp/hard/libc_nano.a(libc_a-stdio.o)
                0x0000000008003e96                __sseek
 .text.__sclose
                0x0000000008003eba        0x8 /opt/stm32cubeide/plugins/com.st.stm32cube.ide.mcu.externaltools.gnu-tools-for-stm32.11.3.rel1.linux64_1.1.1.202309131626/tools/bin/../lib/gcc/arm-none-eabi/11.3.1/../../../../arm-none-eabi/lib/thumb/v7e-m+fp/hard/libc_nano.a(libc_a-stdio.o)
                0x0000000008003eba                __sclose
 .text.memset   0x0000000008003ec2       0x10 /opt/stm32cubeide/plugins/com.st.stm32cube.ide.mcu.externaltools.gnu-tools-for-stm32.11.3.rel1.linux64_1.1.1.202309131626/tools/bin/../lib/gcc/arm-none-eabi/11.3.1/../../../../arm-none-eabi/lib/thumb/v7e-m+fp/hard/libc_nano.a(libc_a-memset.o)
                0x0000000008003ec2                memset
 .text._raise_r
                0x0000000008003ed2       0x50 /opt/stm32cubeide/plugins/com.st.stm32cube.ide.mcu.externaltools.gnu-tools-for-stm32.11.3.rel1.linux64_1.1.1.202309131626/tools/bin/../lib/gcc/arm-none-eabi/11.3.1/../../../../arm-none-eabi/lib/thumb/v7e-m+fp/hard/libc_nano.a(libc_a-signal.o)
                0x0000000008003ed2                _raise_r
 *fill*         0x0000000008003f22        0x2 
 .text.raise    0x0000000008003f24       0x10 /opt/stm32cubeide/plugins/com.st.stm32cube.ide.mcu.externaltools.gnu-tools-for-stm32.11.3.rel1.linux64_1.1.1.202309131626/tools/bin/../lib/gcc/arm-none-eabi/11.3.1/../../../../arm-none-eabi/lib/thumb/v7e-m+fp/hard/libc_nano.a(libc_a-signal.o)
                0x0000000008003f24                raise
 .text._close_r
                0x0000000008003f34       0x20 /opt/stm32cubeide/plugins/com.st.stm32cube.ide.mcu.externaltools.gnu-tools-for-stm32.11.3.rel1.linux64_1.1.1.202309131626/tools/bin/../lib/gcc/arm-none-eabi/11.3.1/../../../../arm-none-eabi/lib/thumb/v7e-m+fp/hard/libc_nano.a(libc_a-closer.o)
                0x0000000008003f34                _close_r
 .text._lseek_r
                0x0000000008003f54       0x24 /opt/stm32cubeide/plugins/com.st.stm32cube.ide.mcu.externaltools.gnu-tools-for-stm32.11.3.rel1.linux64_1.1.1.202309131626/tools/bin/../lib/gcc/arm-none-eabi/11.3.1/../../../../arm-none-eabi/lib/thumb/v7e-m+fp/hard/libc_nano.a(libc_a-lseekr.o)
                0x0000000008003f54                _lseek_r
 .text._read_r  0x0000000008003f78       0x24 /opt/stm32cubeide/plugins/com.st.stm32cube.ide.mcu.externaltools.gnu-tools-for-stm32.11.3.rel1.linux64_1.1.1.202309131626/tools/bin/../lib/gcc/arm-none-eabi/11.3.1/../../../../arm-none-eabi/lib/thumb/v7e-m+fp/hard/libc_nano.a(libc_a-readr.o)
                0x0000000008003f78                _read_r
 .text._kill_r  0x0000000008003f9c       0x24 /opt/stm32cubeide/plugins/com.st.stm32cube.ide.mcu.externaltools.gnu-tools-for-stm32.11.3.rel1.linux64_1.1.1.202309131626/tools/bin/../lib/gcc/arm-none-eabi/11.3.1/../../../../arm-none-eabi/lib/thumb/v7e-m+fp/hard/libc_nano.a(libc_a-signalr.o)
                0x0000000008003f9c                _kill_r
 .text._getpid_r
                0x0000000008003fc0        0x4 /opt/stm32cubeide/plugins/com.st.stm32cube.ide.mcu.externaltools.gnu-tools-for-stm32.11.3.rel1.linux64_1.1.1.202309131626/tools/bin/../lib/gcc/arm-none-eabi/11.3.1/../../../../arm-none-eabi/lib/thumb/v7e-m+fp/hard/libc_nano.a(libc_a-signalr.o)
                0x0000000008003fc0                _getpid_r
 .text._sbrk_r  0x0000000008003fc4       0x20 /opt/stm32cubeide/plugins/com.st.stm32cube.ide.mcu.externaltools.gnu-tools-for-stm32.11.3.rel1.linux64_1.1.1.202309131626/tools/bin/../lib/gcc/arm-none-eabi/11.3.1/../../../../arm-none-eabi/lib/thumb/v7e-m+fp/hard/libc_nano.a(libc_a-sbrkr.o)
                0x0000000008003fc4                _sbrk_r
 .text._write_r
                0x0000000008003fe4       0x24 /opt/stm32cubeide/plugins/com.st.stm32cube.ide.mcu.externaltools.gnu-tools-for-stm32.11.3.rel1.linux64_1.1.1.202309131626/tools/bin/../lib/gcc/arm-none-eabi/11.3.1/../../../../arm-none-eabi/lib/thumb/v7e-m+fp/hard/libc_nano.a(libc_a-writer.o)
                0x0000000008003fe4                _write_r
 .text.__errno  0x0000000008004008        0xc /opt/stm32cubeide/plugins/com.st.stm32cube.ide.mcu.externaltools.gnu-tools-for-stm32.11.3.rel1.linux64_1.1.1.202309131626/tools/bin/../lib/gcc/arm-none-eabi/11.3.1/../../../../arm-none-eabi/lib/thumb/v7e-m+fp/hard/libc_nano.a(libc_a-errno.o)
                0x0000000008004008                __errno
 .text.__libc_init_array
                0x0000000008004014       0x48 /opt/stm32cubeide/plugins/com.st.stm32cube.ide.mcu.externaltools.gnu-tools-for-stm32.11.3.rel1.linux64_1.1.1.202309131626/tools/bin/../lib/gcc/arm-none-eabi/11.3.1/../../../../arm-none-eabi/lib/thumb/v7e-m+fp/hard/libc_nano.a(libc_a-init.o)
                0x0000000008004014                __libc_init_array
 .text.__retarget_lock_init_recursive
                0x000000000800405c        0x2 /opt/stm32cubeide/plugins/com.st.stm32cube.ide.mcu.externaltools.gnu-tools-for-stm32.11.3.rel1.linux64_1.1.1.202309131626/tools/bin/../lib/gcc/arm-none-eabi/11.3.1/../../../../arm-none-eabi/lib/thumb/v7e-m+fp/hard/libc_nano.a(libc_a-lock.o)
                0x000000000800405c                __retarget_lock_init_recursive
 .text.__retarget_lock_acquire_recursive
                0x000000000800405e        0x2 /opt/stm32cubeide/plugins/com.st.stm32cube.ide.mcu.externaltools.gnu-tools-for-stm32.11.3.rel1.linux64_1.1.1.202309131626/tools/bin/../lib/gcc/arm-none-eabi/11.3.1/../../../../arm-none-eabi/lib/thumb/v7e-m+fp/hard/libc_nano.a(libc_a-lock.o)
                0x000000000800405e                __retarget_lock_acquire_recursive
 .text.__retarget_lock_release_recursive
                0x0000000008004060        0x2 /opt/stm32cubeide/plugins/com.st.stm32cube.ide.mcu.externaltools.gnu-tools-for-stm32.11.3.rel1.linux64_1.1.1.202309131626/tools/bin/../lib/gcc/arm-none-eabi/11.3.1/../../../../arm-none-eabi/lib/thumb/v7e-m+fp/hard/libc_nano.a(libc_a-lock.o)
                0x0000000008004060                __retarget_lock_release_recursive
 .text.strcpy   0x0000000008004062       0x10 /opt/stm32cubeide/plugins/com.st.stm32cube.ide.mcu.externaltools.gnu-tools-for-stm32.11.3.rel1.linux64_1.1.1.202309131626/tools/bin/../lib/gcc/arm-none-eabi/11.3.1/../../../../arm-none-eabi/lib/thumb/v7e-m+fp/hard/libc_nano.a(libc_a-strcpy.o)
                0x0000000008004062                strcpy
 .text.memcpy   0x0000000008004072       0x1c /opt/stm32cubeide/plugins/com.st.stm32cube.ide.mcu.externaltools.gnu-tools-for-stm32.11.3.rel1.linux64_1.1.1.202309131626/tools/bin/../lib/gcc/arm-none-eabi/11.3.1/../../../../arm-none-eabi/lib/thumb/v7e-m+fp/hard/libc_nano.a(libc_a-memcpy-stub.o)
                0x0000000008004072                memcpy
 *fill*         0x000000000800408e        0x2 
 .text.__assert_func
                0x0000000008004090       0x3c /opt/stm32cubeide/plugins/com.st.stm32cube.ide.mcu.externaltools.gnu-tools-for-stm32.11.3.rel1.linux64_1.1.1.202309131626/tools/bin/../lib/gcc/arm-none-eabi/11.3.1/../../../../arm-none-eabi/lib/thumb/v7e-m+fp/hard/libc_nano.a(libc_a-assert.o)
                0x0000000008004090                __assert_func
 .text._free_r  0x00000000080040cc       0x98 /opt/stm32cubeide/plugins/com.st.stm32cube.ide.mcu.externaltools.gnu-tools-for-stm32.11.3.rel1.linux64_1.1.1.202309131626/tools/bin/../lib/gcc/arm-none-eabi/11.3.1/../../../../arm-none-eabi/lib/thumb/v7e-m+fp/hard/libc_nano.a(libc_a-freer.o)
                0x00000000080040cc                _free_r
 .text.__ssputs_r
                0x0000000008004164       0xb4 /opt/stm32cubeide/plugins/com.st.stm32cube.ide.mcu.externaltools.gnu-tools-for-stm32.11.3.rel1.linux64_1.1.1.202309131626/tools/bin/../lib/gcc/arm-none-eabi/11.3.1/../../../../arm-none-eabi/lib/thumb/v7e-m+fp/hard/libc_nano.a(libc_a-nano-svfprintf.o)
                0x0000000008004164                __ssputs_r
 .text._svfprintf_r
                0x0000000008004218      0x1fc /opt/stm32cubeide/plugins/com.st.stm32cube.ide.mcu.externaltools.gnu-tools-for-stm32.11.3.rel1.linux64_1.1.1.202309131626/tools/bin/../lib/gcc/arm-none-eabi/11.3.1/../../../../arm-none-eabi/lib/thumb/v7e-m+fp/hard/libc_nano.a(libc_a-nano-svfprintf.o)
                0x0000000008004218                _svfprintf_r
                0x0000000008004218                _svfiprintf_r
 .text._printf_common
                0x0000000008004414       0xda /opt/stm32cubeide/plugins/com.st.stm32cube.ide.mcu.externaltools.gnu-tools-for-stm32.11.3.rel1.linux64_1.1.1.202309131626/tools/bin/../lib/gcc/arm-none-eabi/11.3.1/../../../../arm-none-eabi/lib/thumb/v7e-m+fp/hard/libc_nano.a(libc_a-nano-vfprintf_i.o)
                0x0000000008004414                _printf_common
 *fill*         0x00000000080044ee        0x2 
 .text._printf_i
                0x00000000080044f0      0x244 /opt/stm32cubeide/plugins/com.st.stm32cube.ide.mcu.externaltools.gnu-tools-for-stm32.11.3.rel1.linux64_1.1.1.202309131626/tools/bin/../lib/gcc/arm-none-eabi/11.3.1/../../../../arm-none-eabi/lib/thumb/v7e-m+fp/hard/libc_nano.a(libc_a-nano-vfprintf_i.o)
                0x00000000080044f0                _printf_i
 .text.__sflush_r
                0x0000000008004734      0x10c /opt/stm32cubeide/plugins/com.st.stm32cube.ide.mcu.externaltools.gnu-tools-for-stm32.11.3.rel1.linux64_1.1.1.202309131626/tools/bin/../lib/gcc/arm-none-eabi/11.3.1/../../../../arm-none-eabi/lib/thumb/v7e-m+fp/hard/libc_nano.a(libc_a-fflush.o)
                0x0000000008004734                __sflush_r
 .text._fflush_r
                0x0000000008004840       0x50 /opt/stm32cubeide/plugins/com.st.stm32cube.ide.mcu.externaltools.gnu-tools-for-stm32.11.3.rel1.linux64_1.1.1.202309131626/tools/bin/../lib/gcc/arm-none-eabi/11.3.1/../../../../arm-none-eabi/lib/thumb/v7e-m+fp/hard/libc_nano.a(libc_a-fflush.o)
                0x0000000008004840                _fflush_r
 .text.fprintf  0x0000000008004890       0x24 /opt/stm32cubeide/plugins/com.st.stm32cube.ide.mcu.externaltools.gnu-tools-for-stm32.11.3.rel1.linux64_1.1.1.202309131626/tools/bin/../lib/gcc/arm-none-eabi/11.3.1/../../../../arm-none-eabi/lib/thumb/v7e-m+fp/hard/libc_nano.a(libc_a-fprintf.o)
                0x0000000008004890                fprintf
                0x0000000008004890                fiprintf
 .text.memmove  0x00000000080048b4       0x34 /opt/stm32cubeide/plugins/com.st.stm32cube.ide.mcu.externaltools.gnu-tools-for-stm32.11.3.rel1.linux64_1.1.1.202309131626/tools/bin/../lib/gcc/arm-none-eabi/11.3.1/../../../../arm-none-eabi/lib/thumb/v7e-m+fp/hard/libc_nano.a(libc_a-memmove.o)
                0x00000000080048b4                memmove
 .text._realloc_r
                0x00000000080048e8       0x5e /opt/stm32cubeide/plugins/com.st.stm32cube.ide.mcu.externaltools.gnu-tools-for-stm32.11.3.rel1.linux64_1.1.1.202309131626/tools/bin/../lib/gcc/arm-none-eabi/11.3.1/../../../../arm-none-eabi/lib/thumb/v7e-m+fp/hard/libc_nano.a(libc_a-reallocr.o)
                0x00000000080048e8                _realloc_r
 .text.__sfputc_r
                0x0000000008004946       0x2e /opt/stm32cubeide/plugins/com.st.stm32cube.ide.mcu.externaltools.gnu-tools-for-stm32.11.3.rel1.linux64_1.1.1.202309131626/tools/bin/../lib/gcc/arm-none-eabi/11.3.1/../../../../arm-none-eabi/lib/thumb/v7e-m+fp/hard/libc_nano.a(libc_a-nano-vfprintf.o)
 .text.__sfputs_r
                0x0000000008004974       0x24 /opt/stm32cubeide/plugins/com.st.stm32cube.ide.mcu.externaltools.gnu-tools-for-stm32.11.3.rel1.linux64_1.1.1.202309131626/tools/bin/../lib/gcc/arm-none-eabi/11.3.1/../../../../arm-none-eabi/lib/thumb/v7e-m+fp/hard/libc_nano.a(libc_a-nano-vfprintf.o)
                0x0000000008004974                __sfputs_r
 .text._vfprintf_r
                0x0000000008004998      0x234 /opt/stm32cubeide/plugins/com.st.stm32cube.ide.mcu.externaltools.gnu-tools-for-stm32.11.3.rel1.linux64_1.1.1.202309131626/tools/bin/../lib/gcc/arm-none-eabi/11.3.1/../../../../arm-none-eabi/lib/thumb/v7e-m+fp/hard/libc_nano.a(libc_a-nano-vfprintf.o)
                0x0000000008004998                _vfiprintf_r
                0x0000000008004998                _vfprintf_r
 .text.__swbuf_r
                0x0000000008004bcc       0x7a /opt/stm32cubeide/plugins/com.st.stm32cube.ide.mcu.externaltools.gnu-tools-for-stm32.11.3.rel1.linux64_1.1.1.202309131626/tools/bin/../lib/gcc/arm-none-eabi/11.3.1/../../../../arm-none-eabi/lib/thumb/v7e-m+fp/hard/libc_nano.a(libc_a-wbuf.o)
                0x0000000008004bcc                __swbuf_r
 *fill*         0x0000000008004c46        0x2 
 .text.__swsetup_r
                0x0000000008004c48       0xb0 /opt/stm32cubeide/plugins/com.st.stm32cube.ide.mcu.externaltools.gnu-tools-for-stm32.11.3.rel1.linux64_1.1.1.202309131626/tools/bin/../lib/gcc/arm-none-eabi/11.3.1/../../../../arm-none-eabi/lib/thumb/v7e-m+fp/hard/libc_nano.a(libc_a-wsetup.o)
                0x0000000008004c48                __swsetup_r
 .text._malloc_usable_size_r
                0x0000000008004cf8       0x10 /opt/stm32cubeide/plugins/com.st.stm32cube.ide.mcu.externaltools.gnu-tools-for-stm32.11.3.rel1.linux64_1.1.1.202309131626/tools/bin/../lib/gcc/arm-none-eabi/11.3.1/../../../../arm-none-eabi/lib/thumb/v7e-m+fp/hard/libc_nano.a(libc_a-msizer.o)
                0x0000000008004cf8                _malloc_usable_size_r
 .text.__swhatbuf_r
                0x0000000008004d08       0x4c /opt/stm32cubeide/plugins/com.st.stm32cube.ide.mcu.externaltools.gnu-tools-for-stm32.11.3.rel1.linux64_1.1.1.202309131626/tools/bin/../lib/gcc/arm-none-eabi/11.3.1/../../../../arm-none-eabi/lib/thumb/v7e-m+fp/hard/libc_nano.a(libc_a-makebuf.o)
                0x0000000008004d08                __swhatbuf_r
 .text.__smakebuf_r
                0x0000000008004d54       0x78 /opt/stm32cubeide/plugins/com.st.stm32cube.ide.mcu.externaltools.gnu-tools-for-stm32.11.3.rel1.linux64_1.1.1.202309131626/tools/bin/../lib/gcc/arm-none-eabi/11.3.1/../../../../arm-none-eabi/lib/thumb/v7e-m+fp/hard/libc_nano.a(libc_a-makebuf.o)
                0x0000000008004d54                __smakebuf_r
 .text._fstat_r
                0x0000000008004dcc       0x24 /opt/stm32cubeide/plugins/com.st.stm32cube.ide.mcu.externaltools.gnu-tools-for-stm32.11.3.rel1.linux64_1.1.1.202309131626/tools/bin/../lib/gcc/arm-none-eabi/11.3.1/../../../../arm-none-eabi/lib/thumb/v7e-m+fp/hard/libc_nano.a(libc_a-fstatr.o)
                0x0000000008004dcc                _fstat_r
 .text._isatty_r
                0x0000000008004df0       0x20 /opt/stm32cubeide/plugins/com.st.stm32cube.ide.mcu.externaltools.gnu-tools-for-stm32.11.3.rel1.linux64_1.1.1.202309131626/tools/bin/../lib/gcc/arm-none-eabi/11.3.1/../../../../arm-none-eabi/lib/thumb/v7e-m+fp/hard/libc_nano.a(libc_a-isattyr.o)
                0x0000000008004df0                _isatty_r
 *(.glue_7)
 .glue_7        0x0000000008004e10        0x0 linker stubs
 *(.glue_7t)
 .glue_7t       0x0000000008004e10        0x0 linker stubs
 *(.eh_frame)
 .eh_frame      0x0000000008004e10        0x0 /opt/stm32cubeide/plugins/com.st.stm32cube.ide.mcu.externaltools.gnu-tools-for-stm32.11.3.rel1.linux64_1.1.1.202309131626/tools/bin/../lib/gcc/arm-none-eabi/11.3.1/thumb/v7e-m+fp/hard/crtbegin.o
 *(.init)
 .init          0x0000000008004e10        0x4 /opt/stm32cubeide/plugins/com.st.stm32cube.ide.mcu.externaltools.gnu-tools-for-stm32.11.3.rel1.linux64_1.1.1.202309131626/tools/bin/../lib/gcc/arm-none-eabi/11.3.1/thumb/v7e-m+fp/hard/crti.o
                0x0000000008004e10                _init
 .init          0x0000000008004e14        0x8 /opt/stm32cubeide/plugins/com.st.stm32cube.ide.mcu.externaltools.gnu-tools-for-stm32.11.3.rel1.linux64_1.1.1.202309131626/tools/bin/../lib/gcc/arm-none-eabi/11.3.1/thumb/v7e-m+fp/hard/crtn.o
 *(.fini)
 .fini          0x0000000008004e1c        0x4 /opt/stm32cubeide/plugins/com.st.stm32cube.ide.mcu.externaltools.gnu-tools-for-stm32.11.3.rel1.linux64_1.1.1.202309131626/tools/bin/../lib/gcc/arm-none-eabi/11.3.1/thumb/v7e-m+fp/hard/crti.o
                0x0000000008004e1c                _fini
 .fini          0x0000000008004e20        0x8 /opt/stm32cubeide/plugins/com.st.stm32cube.ide.mcu.externaltools.gnu-tools-for-stm32.11.3.rel1.linux64_1.1.1.202309131626/tools/bin/../lib/gcc/arm-none-eabi/11.3.1/thumb/v7e-m+fp/hard/crtn.o
                0x0000000008004e28                . = ALIGN (0x4)
                0x0000000008004e28                _etext = .

.vfp11_veneer   0x0000000008004e28        0x0
 .vfp11_veneer  0x0000000008004e28        0x0 linker stubs

.v4_bx          0x0000000008004e28        0x0
 .v4_bx         0x0000000008004e28        0x0 linker stubs

.iplt           0x0000000008004e28        0x0
 .iplt          0x0000000008004e28        0x0 /opt/stm32cubeide/plugins/com.st.stm32cube.ide.mcu.externaltools.gnu-tools-for-stm32.11.3.rel1.linux64_1.1.1.202309131626/tools/bin/../lib/gcc/arm-none-eabi/11.3.1/thumb/v7e-m+fp/hard/crtbegin.o

.rodata         0x0000000008004e28      0x1b0
                0x0000000008004e28                . = ALIGN (0x4)
 *(.rodata)
 .rodata        0x0000000008004e28       0x3e ./Core/Src/main.o
 *(.rodata*)
 *fill*         0x0000000008004e66        0x2 
 .rodata._ZTV4Dino
                0x0000000008004e68       0x14 ./Core/Src/main.o
                0x0000000008004e68                vtable for Dino
 .rodata._ZTV5Score
                0x0000000008004e7c       0x14 ./Core/Src/main.o
                0x0000000008004e7c                vtable for Score
 .rodata._ZTV8Obstacle
                0x0000000008004e90       0x14 ./Core/Src/main.o
                0x0000000008004e90                vtable for Obstacle
 .rodata._ZTV10GameObject
                0x0000000008004ea4       0x14 ./Core/Src/main.o
                0x0000000008004ea4                vtable for GameObject
 .rodata.AHBPrescTable
                0x0000000008004eb8       0x10 ./Core/Src/system_stm32l4xx.o
                0x0000000008004eb8                AHBPrescTable
 .rodata.MSIRangeTable
                0x0000000008004ec8       0x30 ./Core/Src/system_stm32l4xx.o
                0x0000000008004ec8                MSIRangeTable
 .rodata.srand.str1.1
                0x0000000008004ef8       0x6f /opt/stm32cubeide/plugins/com.st.stm32cube.ide.mcu.externaltools.gnu-tools-for-stm32.11.3.rel1.linux64_1.1.1.202309131626/tools/bin/../lib/gcc/arm-none-eabi/11.3.1/../../../../arm-none-eabi/lib/thumb/v7e-m+fp/hard/libc_nano.a(libc_a-rand.o)
 .rodata.__assert_func.str1.1
                0x0000000008004f67       0x3c /opt/stm32cubeide/plugins/com.st.stm32cube.ide.mcu.externaltools.gnu-tools-for-stm32.11.3.rel1.linux64_1.1.1.202309131626/tools/bin/../lib/gcc/arm-none-eabi/11.3.1/../../../../arm-none-eabi/lib/thumb/v7e-m+fp/hard/libc_nano.a(libc_a-assert.o)
                                         0x3d (size before relaxing)
 .rodata._svfprintf_r.str1.1
                0x0000000008004fa3       0x11 /opt/stm32cubeide/plugins/com.st.stm32cube.ide.mcu.externaltools.gnu-tools-for-stm32.11.3.rel1.linux64_1.1.1.202309131626/tools/bin/../lib/gcc/arm-none-eabi/11.3.1/../../../../arm-none-eabi/lib/thumb/v7e-m+fp/hard/libc_nano.a(libc_a-nano-svfprintf.o)
 .rodata._printf_i.str1.1
                0x0000000008004fb4       0x22 /opt/stm32cubeide/plugins/com.st.stm32cube.ide.mcu.externaltools.gnu-tools-for-stm32.11.3.rel1.linux64_1.1.1.202309131626/tools/bin/../lib/gcc/arm-none-eabi/11.3.1/../../../../arm-none-eabi/lib/thumb/v7e-m+fp/hard/libc_nano.a(libc_a-nano-vfprintf_i.o)
 .rodata._vfprintf_r.str1.1
                0x0000000008004fd6       0x11 /opt/stm32cubeide/plugins/com.st.stm32cube.ide.mcu.externaltools.gnu-tools-for-stm32.11.3.rel1.linux64_1.1.1.202309131626/tools/bin/../lib/gcc/arm-none-eabi/11.3.1/../../../../arm-none-eabi/lib/thumb/v7e-m+fp/hard/libc_nano.a(libc_a-nano-vfprintf.o)
                0x0000000008004fe8                . = ALIGN (0x4)
 *fill*         0x0000000008004fd6        0x2 

.rel.dyn        0x0000000008004fd8        0x0
 .rel.iplt      0x0000000008004fd8        0x0 /opt/stm32cubeide/plugins/com.st.stm32cube.ide.mcu.externaltools.gnu-tools-for-stm32.11.3.rel1.linux64_1.1.1.202309131626/tools/bin/../lib/gcc/arm-none-eabi/11.3.1/thumb/v7e-m+fp/hard/crtbegin.o

.ARM.extab      0x0000000008004fd8        0x0
                0x0000000008004fd8                . = ALIGN (0x4)
 *(.ARM.extab* .gnu.linkonce.armextab.*)
                0x0000000008004fd8                . = ALIGN (0x4)

.ARM            0x0000000008004fd8        0x0
                0x0000000008004fd8                . = ALIGN (0x4)
                0x0000000008004fd8                __exidx_start = .
 *(.ARM.exidx*)
                0x0000000008004fd8                __exidx_end = .
                0x0000000008004fd8                . = ALIGN (0x4)

.preinit_array  0x0000000008004fd8        0x0
                0x0000000008004fd8                . = ALIGN (0x4)
                0x0000000008004fd8                PROVIDE (__preinit_array_start = .)
 *(.preinit_array*)
                0x0000000008004fd8                PROVIDE (__preinit_array_end = .)
                0x0000000008004fd8                . = ALIGN (0x4)

.init_array     0x0000000008004fd8        0x4
                0x0000000008004fd8                . = ALIGN (0x4)
                0x0000000008004fd8                PROVIDE (__init_array_start = .)
 *(SORT_BY_NAME(.init_array.*))
 *(.init_array*)
 .init_array    0x0000000008004fd8        0x4 /opt/stm32cubeide/plugins/com.st.stm32cube.ide.mcu.externaltools.gnu-tools-for-stm32.11.3.rel1.linux64_1.1.1.202309131626/tools/bin/../lib/gcc/arm-none-eabi/11.3.1/thumb/v7e-m+fp/hard/crtbegin.o
                0x0000000008004fdc                PROVIDE (__init_array_end = .)
                0x0000000008004fdc                . = ALIGN (0x4)

.fini_array     0x0000000008004fdc        0x4
                0x0000000008004fdc                . = ALIGN (0x4)
                [!provide]                        PROVIDE (__fini_array_start = .)
 *(SORT_BY_NAME(.fini_array.*))
 *(.fini_array*)
 .fini_array    0x0000000008004fdc        0x4 /opt/stm32cubeide/plugins/com.st.stm32cube.ide.mcu.externaltools.gnu-tools-for-stm32.11.3.rel1.linux64_1.1.1.202309131626/tools/bin/../lib/gcc/arm-none-eabi/11.3.1/thumb/v7e-m+fp/hard/crtbegin.o
                [!provide]                        PROVIDE (__fini_array_end = .)
                0x0000000008004fe0                . = ALIGN (0x4)
                0x0000000008004fe0                _sidata = LOADADDR (.data)

.data           0x0000000020000000       0xa0 load address 0x0000000008004fe0
                0x0000000020000000                . = ALIGN (0x4)
                0x0000000020000000                _sdata = .
 *(.data)
 *(.data*)
 .data.dinosaur_1
                0x0000000020000000        0x8 ./Core/Src/main.o
                0x0000000020000000                dinosaur_1
 .data.dinosaur_2
                0x0000000020000008        0x8 ./Core/Src/main.o
                0x0000000020000008                dinosaur_2
 .data.dinosaur_textures
                0x0000000020000010       0x10 ./Core/Src/main.o
                0x0000000020000010                dinosaur_textures
 .data.cactus_1
                0x0000000020000020        0x8 ./Core/Src/main.o
                0x0000000020000020                cactus_1
 .data.cactus_2
                0x0000000020000028        0x8 ./Core/Src/main.o
                0x0000000020000028                cactus_2
 .data.filledSquare
                0x0000000020000030        0x8 ./Core/Src/main.o
                0x0000000020000030                filledSquare
 .data.SystemCoreClock
                0x0000000020000038        0x4 ./Core/Src/system_stm32l4xx.o
                0x0000000020000038                SystemCoreClock
 .data.uwTickPrio
                0x000000002000003c        0x4 ./Drivers/STM32L4xx_HAL_Driver/Src/stm32l4xx_hal.o
                0x000000002000003c                uwTickPrio
 .data.uwTickFreq
                0x0000000020000040        0x1 ./Drivers/STM32L4xx_HAL_Driver/Src/stm32l4xx_hal.o
                0x0000000020000040                uwTickFreq
 *fill*         0x0000000020000041        0x3 
 .data.__sglue  0x0000000020000044        0xc /opt/stm32cubeide/plugins/com.st.stm32cube.ide.mcu.externaltools.gnu-tools-for-stm32.11.3.rel1.linux64_1.1.1.202309131626/tools/bin/../lib/gcc/arm-none-eabi/11.3.1/../../../../arm-none-eabi/lib/thumb/v7e-m+fp/hard/libc_nano.a(libc_a-findfp.o)
                0x0000000020000044                __sglue
 .data._impure_data
                0x0000000020000050       0x4c /opt/stm32cubeide/plugins/com.st.stm32cube.ide.mcu.externaltools.gnu-tools-for-stm32.11.3.rel1.linux64_1.1.1.202309131626/tools/bin/../lib/gcc/arm-none-eabi/11.3.1/../../../../arm-none-eabi/lib/thumb/v7e-m+fp/hard/libc_nano.a(libc_a-impure.o)
                0x0000000020000050                _impure_data
 .data._impure_ptr
                0x000000002000009c        0x4 /opt/stm32cubeide/plugins/com.st.stm32cube.ide.mcu.externaltools.gnu-tools-for-stm32.11.3.rel1.linux64_1.1.1.202309131626/tools/bin/../lib/gcc/arm-none-eabi/11.3.1/../../../../arm-none-eabi/lib/thumb/v7e-m+fp/hard/libc_nano.a(libc_a-impure.o)
                0x000000002000009c                _impure_ptr
 *(.RamFunc)
 *(.RamFunc*)
                0x00000000200000a0                . = ALIGN (0x4)
                0x00000000200000a0                _edata = .

.igot.plt       0x00000000200000a0        0x0 load address 0x0000000008005080
 .igot.plt      0x00000000200000a0        0x0 /opt/stm32cubeide/plugins/com.st.stm32cube.ide.mcu.externaltools.gnu-tools-for-stm32.11.3.rel1.linux64_1.1.1.202309131626/tools/bin/../lib/gcc/arm-none-eabi/11.3.1/thumb/v7e-m+fp/hard/crtbegin.o