../Core/Src/lcd.cpp:5:6:void Delay(uint32_t)	16	static
../Core/Src/lcd.cpp:9:6:void lcd_delay()	8	static
../Core/Src/lcd.cpp:14:6:void lcd_cmd(char)	16	static
../Core/Src/lcd.cpp:59:6:void lcd_char_cp(char)	16	static
../Core/Src/lcd.cpp:104:6:void lcd_out_cp(char*)	16	static
../Core/Src/lcd.cpp:115:6:void lcd_init(char, char, char)	16	static
../Core/Src/lcd.cpp:132:6:void lcd_gotoxy(unsigned char, unsigned char)	16	static
../Core/Src/lcd.cpp:146:6:void lcd_char(unsigned char, unsigned char, char)	16	static
../Core/Src/lcd.cpp:152:6:void lcd_print(unsigned char, unsigned char, char*)	16	static
../Core/Src/lcd.cpp:158:6:void lcd_clear()	8	static
../Core/Src/lcd.cpp:164:6:void lcd_line1()	8	static
../Core/Src/lcd.cpp:168:6:void lcd_line2()	8	static
../Core/Src/lcd.cpp:172:6:void lcd_shift_left()	8	static
../Core/Src/lcd.cpp:177:6:void lcd_shift_right()	8	static
