B:\AK_STM32\STM32CubeIDE_1.13.2\STM32CubeIDE\plugins\com.st.stm32cube.ide.mcu.externaltools.gnu-tools-for-stm32.11.3.rel1.win32_1.1.1.202309131626\tools\arm-none-eabi\include\c++\11.3.1\arm-none-eabi\thumb\v7e-m+fp\hard\bits\gthr-default.h:229:1:int __gthread_key_delete(__gthread_key_t)	16	static
../Core/Src/GameObject.cpp:7:5:GameObject::GameObject(char*, int, int)	24	static
../Core/Src/GameObject.cpp:14:9:int GameObject::getX()	16	static
../Core/Src/main.cpp:66:5:int main()	32	static
../Core/Src/main.cpp:120:6:void SystemClock_Config()	96	static
../Core/Src/main.cpp:165:13:void MX_GPIO_Init()	40	static
../Core/Src/main.cpp:224:6:void Error_Handler()	4	static,ignoring_inline_asm
../Core/Src/main.cpp:233:1:void __static_initialization_and_destruction_0(int, int)	16	static
../Core/Src/main.cpp:233:1:cpp)	8	static
../Core/Src/main.cpp:233:1:cpp)	8	static
